../Core/Src/main.c:122:5:main	1
../Core/Src/main.c:406:6:SystemClock_Config	4
../Core/Src/main.c:469:6:PeriphCommonClock_Config	2
../Core/Src/main.c:498:13:MX_FDCAN2_Init	2
../Core/Src/main.c:551:13:MX_I2C1_Init	4
../Core/Src/main.c:599:13:MX_I2C4_Init	4
../Core/Src/main.c:647:13:MX_QUADSPI_Init	2
../Core/Src/main.c:682:13:MX_RTC_Init	4
../Core/Src/main.c:746:13:MX_UART4_Init	5
../Core/Src/main.c:794:13:MX_UART5_Init	5
../Core/Src/main.c:842:13:MX_GPIO_Init	1
../Core/Src/main.c:1029:6:HAL_UART_RxCpltCallback	3
../Core/Src/main.c:1046:10:ODrive_Get_CAN_ID	1
../Core/Src/main.c:1080:6:MPU_Config	1
../Core/Src/main.c:1111:6:Error_Handler	1
