../Core/Src/main.c:111:5:main	1
../Core/Src/main.c:396:6:SystemClock_Config	4
../Core/Src/main.c:459:6:PeriphCommonClock_Config	2
../Core/Src/main.c:488:13:MX_FDCAN1_Init	2
../Core/Src/main.c:541:13:MX_FDCAN2_Init	2
../Core/Src/main.c:594:13:MX_I2C1_Init	4
../Core/Src/main.c:642:13:MX_I2C4_Init	4
../Core/Src/main.c:690:13:MX_QUADSPI_Init	2
../Core/Src/main.c:725:13:MX_RTC_Init	4
../Core/Src/main.c:789:13:MX_UART4_Init	5
../Core/Src/main.c:837:13:MX_UART5_Init	5
../Core/Src/main.c:885:13:MX_GPIO_Init	1
../Core/Src/main.c:1020:6:HAL_UART_RxCpltCallback	2
../Core/Src/main.c:1035:6:MPU_Config	1
../Core/Src/main.c:1066:6:Error_Handler	1
