../Core/Src/main.c:111:5:main	8	static
../Core/Src/main.c:396:6:SystemClock_Config	120	static
../Core/Src/main.c:459:6:PeriphCommonClock_Config	200	static
../Core/Src/main.c:488:13:MX_FDCAN1_Init	8	static
../Core/Src/main.c:541:13:MX_FDCAN2_Init	8	static
../Core/Src/main.c:594:13:MX_I2C1_Init	8	static
../Core/Src/main.c:642:13:MX_I2C4_Init	8	static
../Core/Src/main.c:690:13:MX_QUADSPI_Init	8	static
../Core/Src/main.c:725:13:MX_RTC_Init	32	static
../Core/Src/main.c:789:13:MX_UART4_Init	8	static
../Core/Src/main.c:837:13:MX_UART5_Init	8	static
../Core/Src/main.c:885:13:MX_GPIO_Init	56	static
../Core/Src/main.c:1020:6:HAL_UART_RxCpltCallback	16	static
../Core/Src/main.c:1035:6:MPU_Config	24	static
../Core/Src/main.c:1066:6:Error_Handler	4	static,ignoring_inline_asm
