../Core/Src/nextion_display.c:71:13:nx_send	24	static
../Core/Src/nextion_display.c:78:20:StateToString	16	static
../Core/Src/nextion_display.c:98:6:NextionDisplay_Init	16	static
../Core/Src/nextion_display.c:104:6:NextionDisplay_PollOdriveState	72	static
../Core/Src/nextion_display.c:136:13:Button_Idle	16	static
../Core/Src/nextion_display.c:144:13:Button_ClosedLoop	16	static
../Core/Src/nextion_display.c:152:13:Button_06	8	static
../Core/Src/nextion_display.c:153:13:Button_07	8	static
../Core/Src/nextion_display.c:154:13:Button_08	8	static
../Core/Src/nextion_display.c:155:13:Button_09	8	static
../Core/Src/nextion_display.c:156:13:Button_10	8	static
../Core/Src/nextion_display.c:157:13:Button_11	8	static
../Core/Src/nextion_display.c:158:13:Button_12	8	static
../Core/Src/nextion_display.c:159:13:Button_13	8	static
../Core/Src/nextion_display.c:160:13:Button_14	8	static
../Core/Src/nextion_display.c:161:13:Button_15	8	static
../Core/Src/nextion_display.c:162:13:Button_16	8	static
../Core/Src/nextion_display.c:163:13:Button_17	8	static
../Core/Src/nextion_display.c:192:13:HandleButtonEvent	24	static
../Core/Src/nextion_display.c:211:6:NextionDisplay_UART_RxByteISR	16	static
