../Core/Src/packet_protocol.c:14:13:Packet_DebugPrint	16	static
../Core/Src/packet_protocol.c:45:16:Packet_Checksum	24	static
../Core/Src/packet_protocol.c:54:13:Packet_SerializePayload	24	static
../Core/Src/packet_protocol.c:66:13:Packet_DeserializePayload	16	static
../Core/Src/packet_protocol.c:76:13:Packet_ResetParser	4	static
../Core/Src/packet_protocol.c:83:16:Packet_SendFrame	64	static
../Core/Src/packet_protocol.c:113:6:Packet_Init	8	static
../Core/Src/packet_protocol.c:118:9:Packet_SendData	16	static
../Core/Src/packet_protocol.c:123:9:Packet_SendAck	16	static
../Core/Src/packet_protocol.c:129:6:Packet_ReceiveBytes	40	static
../Core/Src/packet_protocol.c:200:28:Packet_OnDataFromLaptop	280	static
../Core/Src/packet_protocol.c:208:28:Packet_OnAckToLaptop	280	static
../Core/Src/packet_protocol.c:216:28:Packet_OnFrameError	264	static
../Core/Src/packet_protocol.c:223:28:Packet_OnRawBytesReceived	280	static
../Core/Src/packet_protocol.c:236:28:Packet_OnRawBytesTransmitted	280	static
