Archive member included to satisfy reference by file (symbol)

C:/ST/STM32CubeIDE_2.1.1/STM32CubeIDE/plugins/com.st.stm32cube.ide.mcu.externaltools.gnu-tools-for-stm32.14.3.rel1.win32_1.0.100.202602081740/tools/bin/../lib/gcc/arm-none-eabi/14.3.1/../../../../arm-none-eabi/lib/thumb/v7e-m+dp/hard\libc_nano.a(libc_a-exit.o)
                              C:/ST/STM32CubeIDE_2.1.1/STM32CubeIDE/plugins/com.st.stm32cube.ide.mcu.externaltools.gnu-tools-for-stm32.14.3.rel1.win32_1.0.100.202602081740/tools/bin/../lib/gcc/arm-none-eabi/14.3.1/../../../../arm-none-eabi/lib/thumb/v7e-m+dp/hard/crt0.o (exit)
C:/ST/STM32CubeIDE_2.1.1/STM32CubeIDE/plugins/com.st.stm32cube.ide.mcu.externaltools.gnu-tools-for-stm32.14.3.rel1.win32_1.0.100.202602081740/tools/bin/../lib/gcc/arm-none-eabi/14.3.1/../../../../arm-none-eabi/lib/thumb/v7e-m+dp/hard\libc_nano.a(libc_a-strtod.o)
                              ./Core/Src/odrive_uart.o (strtof)
C:/ST/STM32CubeIDE_2.1.1/STM32CubeIDE/plugins/com.st.stm32cube.ide.mcu.externaltools.gnu-tools-for-stm32.14.3.rel1.win32_1.0.100.202602081740/tools/bin/../lib/gcc/arm-none-eabi/14.3.1/../../../../arm-none-eabi/lib/thumb/v7e-m+dp/hard\libc_nano.a(libc_a-nano-vfprintf_float.o)
                              (_printf_float)
C:/ST/STM32CubeIDE_2.1.1/STM32CubeIDE/plugins/com.st.stm32cube.ide.mcu.externaltools.gnu-tools-for-stm32.14.3.rel1.win32_1.0.100.202602081740/tools/bin/../lib/gcc/arm-none-eabi/14.3.1/../../../../arm-none-eabi/lib/thumb/v7e-m+dp/hard\libc_nano.a(libc_a-nano-vfprintf_i.o)
                              C:/ST/STM32CubeIDE_2.1.1/STM32CubeIDE/plugins/com.st.stm32cube.ide.mcu.externaltools.gnu-tools-for-stm32.14.3.rel1.win32_1.0.100.202602081740/tools/bin/../lib/gcc/arm-none-eabi/14.3.1/../../../../arm-none-eabi/lib/thumb/v7e-m+dp/hard\libc_nano.a(libc_a-nano-vfprintf_float.o) (_printf_common)
C:/ST/STM32CubeIDE_2.1.1/STM32CubeIDE/plugins/com.st.stm32cube.ide.mcu.externaltools.gnu-tools-for-stm32.14.3.rel1.win32_1.0.100.202602081740/tools/bin/../lib/gcc/arm-none-eabi/14.3.1/../../../../arm-none-eabi/lib/thumb/v7e-m+dp/hard\libc_nano.a(libc_a-findfp.o)
                              C:/ST/STM32CubeIDE_2.1.1/STM32CubeIDE/plugins/com.st.stm32cube.ide.mcu.externaltools.gnu-tools-for-stm32.14.3.rel1.win32_1.0.100.202602081740/tools/bin/../lib/gcc/arm-none-eabi/14.3.1/../../../../arm-none-eabi/lib/thumb/v7e-m+dp/hard\libc_nano.a(libc_a-exit.o) (__stdio_exit_handler)
C:/ST/STM32CubeIDE_2.1.1/STM32CubeIDE/plugins/com.st.stm32cube.ide.mcu.externaltools.gnu-tools-for-stm32.14.3.rel1.win32_1.0.100.202602081740/tools/bin/../lib/gcc/arm-none-eabi/14.3.1/../../../../arm-none-eabi/lib/thumb/v7e-m+dp/hard\libc_nano.a(libc_a-fwalk.o)
                              C:/ST/STM32CubeIDE_2.1.1/STM32CubeIDE/plugins/com.st.stm32cube.ide.mcu.externaltools.gnu-tools-for-stm32.14.3.rel1.win32_1.0.100.202602081740/tools/bin/../lib/gcc/arm-none-eabi/14.3.1/../../../../arm-none-eabi/lib/thumb/v7e-m+dp/hard\libc_nano.a(libc_a-findfp.o) (_fwalk_sglue)
C:/ST/STM32CubeIDE_2.1.1/STM32CubeIDE/plugins/com.st.stm32cube.ide.mcu.externaltools.gnu-tools-for-stm32.14.3.rel1.win32_1.0.100.202602081740/tools/bin/../lib/gcc/arm-none-eabi/14.3.1/../../../../arm-none-eabi/lib/thumb/v7e-m+dp/hard\libc_nano.a(libc_a-snprintf.o)
                              ./Core/Src/nextion_uart.o (snprintf)
C:/ST/STM32CubeIDE_2.1.1/STM32CubeIDE/plugins/com.st.stm32cube.ide.mcu.externaltools.gnu-tools-for-stm32.14.3.rel1.win32_1.0.100.202602081740/tools/bin/../lib/gcc/arm-none-eabi/14.3.1/../../../../arm-none-eabi/lib/thumb/v7e-m+dp/hard\libc_nano.a(libc_a-stdio.o)
                              C:/ST/STM32CubeIDE_2.1.1/STM32CubeIDE/plugins/com.st.stm32cube.ide.mcu.externaltools.gnu-tools-for-stm32.14.3.rel1.win32_1.0.100.202602081740/tools/bin/../lib/gcc/arm-none-eabi/14.3.1/../../../../arm-none-eabi/lib/thumb/v7e-m+dp/hard\libc_nano.a(libc_a-findfp.o) (__sread)
C:/ST/STM32CubeIDE_2.1.1/STM32CubeIDE/plugins/com.st.stm32cube.ide.mcu.externaltools.gnu-tools-for-stm32.14.3.rel1.win32_1.0.100.202602081740/tools/bin/../lib/gcc/arm-none-eabi/14.3.1/../../../../arm-none-eabi/lib/thumb/v7e-m+dp/hard\libc_nano.a(libc_a-vsnprintf.o)
                              ./Core/Src/nextion_uart.o (vsnprintf)
C:/ST/STM32CubeIDE_2.1.1/STM32CubeIDE/plugins/com.st.stm32cube.ide.mcu.externaltools.gnu-tools-for-stm32.14.3.rel1.win32_1.0.100.202602081740/tools/bin/../lib/gcc/arm-none-eabi/14.3.1/../../../../arm-none-eabi/lib/thumb/v7e-m+dp/hard\libc_nano.a(libc_a-memset.o)
                              C:/ST/STM32CubeIDE_2.1.1/STM32CubeIDE/plugins/com.st.stm32cube.ide.mcu.externaltools.gnu-tools-for-stm32.14.3.rel1.win32_1.0.100.202602081740/tools/bin/../lib/gcc/arm-none-eabi/14.3.1/../../../../arm-none-eabi/lib/thumb/v7e-m+dp/hard/crt0.o (memset)
[...]
Memory Configuration

Name             Origin             Length             Attributes
FLASH            0x08000000         0x00020000         xr
DTCMRAM          0x20000000         0x00020000         xrw
RAM_D1           0x24000000         0x00080000         xrw
RAM_D2           0x30000000         0x00048000         xrw
RAM_D3           0x38000000         0x00010000         xrw
ITCMRAM          0x00000000         0x00010000         xrw
*default*        0x00000000         0xffffffff

Linker script and memory map

LOAD C:/ST/STM32CubeIDE_2.1.1/STM32CubeIDE/plugins/com.st.stm32cube.ide.mcu.externaltools.gnu-tools-for-stm32.14.3.rel1.win32_1.0.100.202602081740/tools/bin/../lib/gcc/arm-none-eabi/14.3.1/thumb/v7e-m+dp/hard/crti.o
LOAD C:/ST/STM32CubeIDE_2.1.1/STM32CubeIDE/plugins/com.st.stm32cube.ide.mcu.externaltools.gnu-tools-for-stm32.14.3.rel1.win32_1.0.100.202602081740/tools/bin/../lib/gcc/arm-none-eabi/14.3.1/thumb/v7e-m+dp/hard/crtbegin.o
LOAD C:/ST/STM32CubeIDE_2.1.1/STM32CubeIDE/plugins/com.st.stm32cube.ide.mcu.externaltools.gnu-tools-for-stm32.14.3.rel1.win32_1.0.100.202602081740/tools/bin/../lib/gcc/arm-none-eabi/14.3.1/../../../../arm-none-eabi/lib/thumb/v7e-m+dp/hard/crt0.o
LOAD ./Core/Src/kinematics.o
LOAD ./Core/Src/main.o
LOAD ./Core/Src/nextion_uart.o
LOAD ./Core/Src/odrive_uart.o
LOAD ./Core/Src/scara_app.o
LOAD ./Core/Src/stm32h7xx_hal_msp.o
LOAD ./Core/Src/stm32h7xx_it.o
LOAD ./Core/Src/syscalls.o
LOAD ./Core/Src/sysmem.o
LOAD ./Core/Src/system_stm32h7xx.o
LOAD ./Core/Startup/startup_stm32h750vbtx.o
LOAD ./Drivers/STM32H7xx_HAL_Driver/Src/stm32h7xx_hal.o
LOAD ./Drivers/STM32H7xx_HAL_Driver/Src/stm32h7xx_hal_cortex.o
LOAD ./Drivers/STM32H7xx_HAL_Driver/Src/stm32h7xx_hal_dma.o
LOAD ./Drivers/STM32H7xx_HAL_Driver/Src/stm32h7xx_hal_dma_ex.o
LOAD ./Drivers/STM32H7xx_HAL_Driver/Src/stm32h7xx_hal_exti.o
LOAD ./Drivers/STM32H7xx_HAL_Driver/Src/stm32h7xx_hal_flash.o
LOAD ./Drivers/STM32H7xx_HAL_Driver/Src/stm32h7xx_hal_flash_ex.o
LOAD ./Drivers/STM32H7xx_HAL_Driver/Src/stm32h7xx_hal_gpio.o
LOAD ./Drivers/STM32H7xx_HAL_Driver/Src/stm32h7xx_hal_hsem.o
LOAD ./Drivers/STM32H7xx_HAL_Driver/Src/stm32h7xx_hal_i2c.o
LOAD ./Drivers/STM32H7xx_HAL_Driver/Src/stm32h7xx_hal_i2c_ex.o
LOAD ./Drivers/STM32H7xx_HAL_Driver/Src/stm32h7xx_hal_mdma.o
LOAD ./Drivers/STM32H7xx_HAL_Driver/Src/stm32h7xx_hal_pcd.o
LOAD ./Drivers/STM32H7xx_HAL_Driver/Src/stm32h7xx_hal_pcd_ex.o
LOAD ./Drivers/STM32H7xx_HAL_Driver/Src/stm32h7xx_hal_pwr.o
LOAD ./Drivers/STM32H7xx_HAL_Driver/Src/stm32h7xx_hal_pwr_ex.o
LOAD ./Drivers/STM32H7xx_HAL_Driver/Src/stm32h7xx_hal_qspi.o
LOAD ./Drivers/STM32H7xx_HAL_Driver/Src/stm32h7xx_hal_rcc.o
LOAD ./Drivers/STM32H7xx_HAL_Driver/Src/stm32h7xx_hal_rcc_ex.o
LOAD ./Drivers/STM32H7xx_HAL_Driver/Src/stm32h7xx_hal_rtc.o
LOAD ./Drivers/STM32H7xx_HAL_Driver/Src/stm32h7xx_hal_rtc_ex.o
LOAD ./Drivers/STM32H7xx_HAL_Driver/Src/stm32h7xx_hal_tim.o
LOAD ./Drivers/STM32H7xx_HAL_Driver/Src/stm32h7xx_hal_tim_ex.o
LOAD ./Drivers/STM32H7xx_HAL_Driver/Src/stm32h7xx_hal_uart.o
LOAD ./Drivers/STM32H7xx_HAL_Driver/Src/stm32h7xx_hal_uart_ex.o
LOAD ./Drivers/STM32H7xx_HAL_Driver/Src/stm32h7xx_ll_delayblock.o
LOAD ./Drivers/STM32H7xx_HAL_Driver/Src/stm32h7xx_ll_usb.o
LOAD ./Middlewares/ST/STM32_USB_Device_Library/Class/CDC/Src/usbd_cdc.o
LOAD ./Middlewares/ST/STM32_USB_Device_Library/Core/Src/usbd_core.o
LOAD ./Middlewares/ST/STM32_USB_Device_Library/Core/Src/usbd_ctlreq.o
LOAD ./Middlewares/ST/STM32_USB_Device_Library/Core/Src/usbd_ioreq.o
LOAD ./USB_DEVICE/App/usb_device.o
LOAD ./USB_DEVICE/App/usbd_cdc_if.o
LOAD ./USB_DEVICE/App/usbd_desc.o
LOAD ./USB_DEVICE/Target/usbd_conf.o
START GROUP
LOAD C:/ST/STM32CubeIDE_2.1.1/STM32CubeIDE/plugins/com.st.stm32cube.ide.mcu.externaltools.gnu-tools-for-stm32.14.3.rel1.win32_1.0.100.202602081740/tools/bin/../lib/gcc/arm-none-eabi/14.3.1/../../../../arm-none-eabi/lib/thumb/v7e-m+dp/hard\libc_nano.a
LOAD C:/ST/STM32CubeIDE_2.1.1/STM32CubeIDE/plugins/com.st.stm32cube.ide.mcu.externaltools.gnu-tools-for-stm32.14.3.rel1.win32_1.0.100.202602081740/tools/bin/../lib/gcc/arm-none-eabi/14.3.1/../../../../arm-none-eabi/lib/thumb/v7e-m+dp/hard\libm.a
END GROUP
START GROUP
LOAD C:/ST/STM32CubeIDE_2.1.1/STM32CubeIDE/plugins/com.st.stm32cube.ide.mcu.externaltools.gnu-tools-for-stm32.14.3.rel1.win32_1.0.100.202602081740/tools/bin/../lib/gcc/arm-none-eabi/14.3.1/thumb/v7e-m+dp/hard\libgcc.a
LOAD C:/ST/STM32CubeIDE_2.1.1/STM32CubeIDE/plugins/com.st.stm32cube.ide.mcu.externaltools.gnu-tools-for-stm32.14.3.rel1.win32_1.0.100.202602081740/tools/bin/../lib/gcc/arm-none-eabi/14.3.1/../../../../arm-none-eabi/lib/thumb/v7e-m+dp/hard\libc_nano.a
END GROUP
START GROUP
LOAD C:/ST/STM32CubeIDE_2.1.1/STM32CubeIDE/plugins/com.st.stm32cube.ide.mcu.externaltools.gnu-tools-for-stm32.14.3.rel1.win32_1.0.100.202602081740/tools/bin/../lib/gcc/arm-none-eabi/14.3.1/thumb/v7e-m+dp/hard\libgcc.a
LOAD C:/ST/STM32CubeIDE_2.1.1/STM32CubeIDE/plugins/com.st.stm32cube.ide.mcu.externaltools.gnu-tools-for-stm32.14.3.rel1.win32_1.0.100.202602081740/tools/bin/../lib/gcc/arm-none-eabi/14.3.1/../../../../arm-none-eabi/lib/thumb/v7e-m+dp/hard\libc_nano.a
LOAD C:/ST/STM32CubeIDE_2.1.1/STM32CubeIDE/plugins/com.st.stm32cube.ide.mcu.externaltools.gnu-tools-for-stm32.14.3.rel1.win32_1.0.100.202602081740/tools/bin/../lib/gcc/arm-none-eabi/14.3.1/../../../../arm-none-eabi/lib/thumb/v7e-m+dp/hard\libnosys.a
END GROUP
START GROUP
LOAD C:/ST/STM32CubeIDE_2.1.1/STM32CubeIDE/plugins/com.st.stm32cube.ide.mcu.externaltools.gnu-tools-for-stm32.14.3.rel1.win32_1.0.100.202602081740/tools/bin/../lib/gcc/arm-none-eabi/14.3.1/thumb/v7e-m+dp/hard\libgcc.a
LOAD C:/ST/STM32CubeIDE_2.1.1/STM32CubeIDE/plugins/com.st.stm32cube.ide.mcu.externaltools.gnu-tools-for-stm32.14.3.rel1.win32_1.0.100.202602081740/tools/bin/../lib/gcc/arm-none-eabi/14.3.1/../../../../arm-none-eabi/lib/thumb/v7e-m+dp/hard\libc_nano.a
LOAD C:/ST/STM32CubeIDE_2.1.1/STM32CubeIDE/plugins/com.st.stm32cube.ide.mcu.externaltools.gnu-tools-for-stm32.14.3.rel1.win32_1.0.100.202602081740/tools/bin/../lib/gcc/arm-none-eabi/14.3.1/../../../../arm-none-eabi/lib/thumb/v7e-m+dp/hard\libnosys.a
END GROUP
LOAD C:/ST/STM32CubeIDE_2.1.1/STM32CubeIDE/plugins/com.st.stm32cube.ide.mcu.externaltools.gnu-tools-for-stm32.14.3.rel1.win32_1.0.100.202602081740/tools/bin/../lib/gcc/arm-none-eabi/14.3.1/thumb/v7e-m+dp/hard/crtend.o
LOAD C:/ST/STM32CubeIDE_2.1.1/STM32CubeIDE/plugins/com.st.stm32cube.ide.mcu.externaltools.gnu-tools-for-stm32.14.3.rel1.win32_1.0.100.202602081740/tools/bin/../lib/gcc/arm-none-eabi/14.3.1/thumb/v7e-m+dp/hard/crtn.o
                0x24080000                        _estack = (ORIGIN (RAM_D1) + LENGTH (RAM_D1))
                0x00000200                        _Min_Heap_Size = 0x200
                0x00000400                        _Min_Stack_Size = 0x400

.isr_vector     0x08000000      0x298
                0x08000000                        . = ALIGN (0x4)
 *(.isr_vector)
 .isr_vector    0x08000000      0x298 ./Core/Startup/startup_stm32h750vbtx.o
                0x08000000                g_pfnVectors
                0x08000298                        . = ALIGN (0x4)

.text           0x080002a0    0x10574
                0x080002a0                        . = ALIGN (0x4)
 *(.text)
 .text          0x080002a0       0x40 C:/ST/STM32CubeIDE_2.1.1/STM32CubeIDE/plugins/com.st.stm32cube.ide.mcu.externaltools.gnu-tools-for-stm32.14.3.rel1.win32_1.0.100.202602081740/tools/bin/../lib/gcc/arm-none-eabi/14.3.1/thumb/v7e-m+dp/hard/crtbegin.o
 .text          0x080002e0       0xa0 C:/ST/STM32CubeIDE_2.1.1/STM32CubeIDE/plugins/com.st.stm32cube.ide.mcu.externaltools.gnu-tools-for-stm32.14.3.rel1.win32_1.0.100.202602081740/tools/bin/../lib/gcc/arm-none-eabi/14.3.1/../../../../arm-none-eabi/lib/thumb/v7e-m+dp/hard\libc_nano.a(libc_a-memchr.o)
                0x080002e0                memchr
 .text          0x08000380       0x10 C:/ST/STM32CubeIDE_2.1.1/STM32CubeIDE/plugins/com.st.stm32cube.ide.mcu.externaltools.gnu-tools-for-stm32.14.3.rel1.win32_1.0.100.202602081740/tools/bin/../lib/gcc/arm-none-eabi/14.3.1/../../../../arm-none-eabi/lib/thumb/v7e-m+dp/hard\libc_nano.a(libc_a-strlen.o)
                0x08000380                strlen
 .text          0x08000390       0x30 C:/ST/STM32CubeIDE_2.1.1/STM32CubeIDE/plugins/com.st.stm32cube.ide.mcu.externaltools.gnu-tools-for-stm32.14.3.rel1.win32_1.0.100.202602081740/tools/bin/../lib/gcc/arm-none-eabi/14.3.1/thumb/v7e-m+dp/hard\libgcc.a(_aeabi_uldivmod.o)
                0x08000390                __aeabi_uldivmod
 .text          0x080003c0      0x2f8 C:/ST/STM32CubeIDE_2.1.1/STM32CubeIDE/plugins/com.st.stm32cube.ide.mcu.externaltools.gnu-tools-for-stm32.14.3.rel1.win32_1.0.100.202602081740/tools/bin/../lib/gcc/arm-none-eabi/14.3.1/thumb/v7e-m+dp/hard\libgcc.a(_udivmoddi4.o)
                0x080003c0                __udivmoddi4
 .text          0x080006b8        0x4 C:/ST/STM32CubeIDE_2.1.1/STM32CubeIDE/plugins/com.st.stm32cube.ide.mcu.externaltools.gnu-tools-for-stm32.14.3.rel1.win32_1.0.100.202602081740/tools/bin/../lib/gcc/arm-none-eabi/14.3.1/thumb/v7e-m+dp/hard\libgcc.a(_dvmd_tls.o)
                0x080006b8                __aeabi_idiv0
                0x080006b8                __aeabi_ldiv0
 *(.text*)
 .text.nx_send  0x080006bc       0x38 ./Core/Src/main.o
 .text.main     0x080006f4       0x54 ./Core/Src/main.o
                0x080006f4                main
 .text.SystemClock_Config
                0x08000748       0xfc ./Core/Src/main.o
                0x08000748                SystemClock_Config
 .text.PeriphCommonClock_Config
                0x08000844       0x5c ./Core/Src/main.o
                0x08000844                PeriphCommonClock_Config
 .text.MX_QUADSPI_Init
                0x080008a0       0x58 ./Core/Src/main.o
 .text.MX_RTC_Init
                0x080008f8       0xb8 ./Core/Src/main.o
 .text.MX_UART4_Init
                0x080009b0       0x98 ./Core/Src/main.o
 .text.MX_UART5_Init
                0x08000a48       0x98 ./Core/Src/main.o
 .text.MX_GPIO_Init
                0x08000ae0      0x1f8 ./Core/Src/main.o
 .text.HAL_UART_RxCpltCallback
                0x08000cd8       0x1a ./Core/Src/main.o
                0x08000cd8                HAL_UART_RxCpltCallback
 .text.MPU_Config
                0x08000cf2       0x58 ./Core/Src/main.o
 .text.Error_Handler
                0x08000d4a        0xc ./Core/Src/main.o
                0x08000d4a                Error_Handler
 .text.nextion_uart_init
                0x08000d56       0x22 ./Core/Src/nextion_uart.o
                0x08000d56                nextion_uart_init
 .text.send_terminated
                0x08000d78       0x4c ./Core/Src/nextion_uart.o
 .text.nextion_set_text
                0x08000dc4       0x54 ./Core/Src/nextion_uart.o
                0x08000dc4                nextion_set_text
 .text.nextion_goto_page
                0x08000e18       0x48 ./Core/Src/nextion_uart.o
                0x08000e18                nextion_goto_page
 .text.odrive_uart_init
                0x08000e60       0x24 ./Core/Src/odrive_uart.o
                0x08000e60                odrive_uart_init
 .text.log_line
                0x08000e84       0x24 ./Core/Src/scara_app.o
 .text.set_status_text
                0x08000ea8       0x24 ./Core/Src/scara_app.o
 .text.scara_app_init
                0x08000ecc       0xbc ./Core/Src/scara_app.o
                0x08000ecc                scara_app_init
 .text.HAL_MspInit
                0x08000f88       0x34 ./Core/Src/stm32h7xx_hal_msp.o
                0x08000f88                HAL_MspInit
 .text.HAL_QSPI_MspInit
                0x08000fbc      0x16c ./Core/Src/stm32h7xx_hal_msp.o
                0x08000fbc                HAL_QSPI_MspInit
 .text.HAL_RTC_MspInit
                0x08001128       0x64 ./Core/Src/stm32h7xx_hal_msp.o
                0x08001128                HAL_RTC_MspInit
 .text.HAL_UART_MspInit
                0x0800118c      0x158 ./Core/Src/stm32h7xx_hal_msp.o
                0x0800118c                HAL_UART_MspInit
 .text.NMI_Handler
                0x080012e4        0x8 ./Core/Src/stm32h7xx_it.o
                0x080012e4                NMI_Handler
 .text.HardFault_Handler
                0x080012ec        0x8 ./Core/Src/stm32h7xx_it.o
                0x080012ec                HardFault_Handler
 .text.MemManage_Handler
                0x080012f4        0x8 ./Core/Src/stm32h7xx_it.o
                0x080012f4                MemManage_Handler
 .text.BusFault_Handler
                0x080012fc        0x8 ./Core/Src/stm32h7xx_it.o
                0x080012fc                BusFault_Handler
 .text.UsageFault_Handler
                0x08001304        0x8 ./Core/Src/stm32h7xx_it.o
                0x08001304                UsageFault_Handler
 .text.SVC_Handler
                0x0800130c        0xe ./Core/Src/stm32h7xx_it.o
                0x0800130c                SVC_Handler
 .text.DebugMon_Handler
                0x0800131a        0xe ./Core/Src/stm32h7xx_it.o
                0x0800131a                DebugMon_Handler
 .text.PendSV_Handler
                0x08001328        0xe ./Core/Src/stm32h7xx_it.o
                0x08001328                PendSV_Handler
 .text.SysTick_Handler
                0x08001336        0xc ./Core/Src/stm32h7xx_it.o
                0x08001336                SysTick_Handler
 *fill*         0x08001342        0x2 
 .text.UART5_IRQHandler
                0x08001344       0x14 ./Core/Src/stm32h7xx_it.o
                0x08001344                UART5_IRQHandler
 .text.OTG_FS_IRQHandler
                0x08001358       0x14 ./Core/Src/stm32h7xx_it.o
                0x08001358                OTG_FS_IRQHandler
 .text._getpid  0x0800136c       0x10 ./Core/Src/syscalls.o
                0x0800136c                _getpid
 .text._kill    0x0800137c       0x20 ./Core/Src/syscalls.o
                0x0800137c                _kill
 .text._exit    0x0800139c       0x16 ./Core/Src/syscalls.o
                0x0800139c                _exit
 .text._read    0x080013b2       0x3a ./Core/Src/syscalls.o
                0x080013b2                _read
 .text._write   0x080013ec       0x38 ./Core/Src/syscalls.o
                0x080013ec                _write
 .text._close   0x08001424       0x18 ./Core/Src/syscalls.o
                0x08001424                _close
 .text._fstat   0x0800143c       0x20 ./Core/Src/syscalls.o
                0x0800143c                _fstat
 .text._isatty  0x0800145c       0x16 ./Core/Src/syscalls.o
                0x0800145c                _isatty
 .text._lseek   0x08001472       0x1a ./Core/Src/syscalls.o
                0x08001472                _lseek
 .text._sbrk    0x0800148c       0x6c ./Core/Src/sysmem.o
                0x0800148c                _sbrk
 .text.SystemInit
                0x080014f8      0x140 ./Core/Src/system_stm32h7xx.o
                0x080014f8                SystemInit
 .text.ExitRun0Mode
                0x08001638       0x18 ./Core/Src/system_stm32h7xx.o
                0x08001638                ExitRun0Mode
 .text.Reset_Handler
                0x08001650       0x54 ./Core/Startup/startup_stm32h750vbtx.o
                0x08001650                Reset_Handler
 .text.Default_Handler
                0x080016a4        0x2 ./Core/Startup/startup_stm32h750vbtx.o
                0x080016a4                RTC_Alarm_IRQHandler
                0x080016a4                HASH_RNG_IRQHandler
                0x080016a4                EXTI2_IRQHandler
                0x080016a4                TIM8_CC_IRQHandler
                0x080016a4                HRTIM1_Master_IRQHandler
                0x080016a4                UART8_IRQHandler
                0x080016a4                SPI4_IRQHandler
                0x080016a4                TIM1_CC_IRQHandler
                0x080016a4                BDMA_Channel6_IRQHandler
                0x080016a4                DMA2_Stream5_IRQHandler
                0x080016a4                HRTIM1_FLT_IRQHandler
                0x080016a4                JPEG_IRQHandler
                0x080016a4                DMA1_Stream5_IRQHandler
                0x080016a4                BDMA_Channel1_IRQHandler
                0x080016a4                HRTIM1_TIMD_IRQHandler
                0x080016a4                TAMP_STAMP_IRQHandler
                0x080016a4                EXTI3_IRQHandler
                0x080016a4                LPTIM4_IRQHandler
                0x080016a4                TIM8_TRG_COM_TIM14_IRQHandler
                0x080016a4                LPTIM2_IRQHandler
                0x080016a4                DFSDM1_FLT1_IRQHandler
                0x080016a4                DMAMUX2_OVR_IRQHandler
                0x080016a4                TIM8_UP_TIM13_IRQHandler
                0x080016a4                I2C3_ER_IRQHandler
                0x080016a4                DFSDM1_FLT2_IRQHandler
                0x080016a4                MDMA_IRQHandler
                0x080016a4                LPTIM3_IRQHandler
                0x080016a4                HSEM1_IRQHandler
                0x080016a4                EXTI0_IRQHandler
                0x080016a4                I2C2_EV_IRQHandler
                0x080016a4                DMA1_Stream2_IRQHandler
                0x080016a4                FPU_IRQHandler
                0x080016a4                OTG_HS_WKUP_IRQHandler
                0x080016a4                FDCAN1_IT1_IRQHandler
                0x080016a4                LTDC_ER_IRQHandler
                0x080016a4                DMA2_Stream2_IRQHandler
                0x080016a4                HRTIM1_TIME_IRQHandler
                0x080016a4                SPI1_IRQHandler
                0x080016a4                TIM6_DAC_IRQHandler
                0x080016a4                DCMI_IRQHandler
                0x080016a4                HRTIM1_TIMC_IRQHandler
                0x080016a4                DMA2_Stream3_IRQHandler
                0x080016a4                SAI2_IRQHandler
                0x080016a4                DFSDM1_FLT3_IRQHandler
                0x080016a4                USART6_IRQHandler
                0x080016a4                TIM17_IRQHandler
                0x080016a4                USART3_IRQHandler
                0x080016a4                BDMA_Channel7_IRQHandler
                0x080016a4                CRYP_IRQHandler
                0x080016a4                LPTIM5_IRQHandler
                0x080016a4                ADC3_IRQHandler
                0x080016a4                DMA2_Stream0_IRQHandler
                0x080016a4                TIM4_IRQHandler
                0x080016a4                BDMA_Channel2_IRQHandler
                0x080016a4                QUADSPI_IRQHandler
                0x080016a4                I2C1_EV_IRQHandler
                0x080016a4                DMA1_Stream6_IRQHandler
                0x080016a4                DMAMUX1_OVR_IRQHandler
                0x080016a4                DMA1_Stream1_IRQHandler
                0x080016a4                TIM16_IRQHandler
                0x080016a4                UART4_IRQHandler
                0x080016a4                BDMA_Channel5_IRQHandler
                0x080016a4                TIM3_IRQHandler
                0x080016a4                RCC_IRQHandler
                0x080016a4                TIM8_BRK_TIM12_IRQHandler
                0x080016a4                TIM1_TRG_COM_IRQHandler
                0x080016a4                Default_Handler
                0x080016a4                ECC_IRQHandler
                0x080016a4                CEC_IRQHandler
                0x080016a4                EXTI15_10_IRQHandler
                0x080016a4                BDMA_Channel0_IRQHandler
                0x080016a4                ADC_IRQHandler
                0x080016a4                DMA1_Stream7_IRQHandler
                0x080016a4                HRTIM1_TIMA_IRQHandler
                0x080016a4                SPI5_IRQHandler
                0x080016a4                TIM7_IRQHandler
                0x080016a4                SDMMC1_IRQHandler
                0x080016a4                TIM5_IRQHandler
                0x080016a4                DMA2_Stream7_IRQHandler
                0x080016a4                TIM15_IRQHandler
                0x080016a4                PVD_AVD_IRQHandler
                0x080016a4                I2C3_EV_IRQHandler
                0x080016a4                EXTI9_5_IRQHandler
                0x080016a4                RTC_WKUP_IRQHandler
                0x080016a4                LTDC_IRQHandler
                0x080016a4                SAI3_IRQHandler
                0x080016a4                ETH_WKUP_IRQHandler
                0x080016a4                SPDIF_RX_IRQHandler
                0x080016a4                SPI2_IRQHandler
                0x080016a4                OTG_HS_EP1_IN_IRQHandler
                0x080016a4                DMA1_Stream0_IRQHandler
                0x080016a4                CRS_IRQHandler
                0x080016a4                EXTI4_IRQHandler
                0x080016a4                HRTIM1_TIMB_IRQHandler
                0x080016a4                FDCAN2_IT1_IRQHandler
                0x080016a4                ETH_IRQHandler
                0x080016a4                TIM1_UP_IRQHandler
                0x080016a4                BDMA_Channel4_IRQHandler
                0x080016a4                OTG_HS_EP1_OUT_IRQHandler
                0x080016a4                WWDG_IRQHandler
                0x080016a4                SPI6_IRQHandler
                0x080016a4                MDIOS_IRQHandler
                0x080016a4                I2C4_EV_IRQHandler
                0x080016a4                FDCAN2_IT0_IRQHandler
                0x080016a4                LPUART1_IRQHandler
                0x080016a4                FDCAN1_IT0_IRQHandler
                0x080016a4                TIM2_IRQHandler
                0x080016a4                OTG_FS_WKUP_IRQHandler
                0x080016a4                OTG_HS_IRQHandler
                0x080016a4                DMA2D_IRQHandler
                0x080016a4                TIM1_BRK_IRQHandler
                0x080016a4                EXTI1_IRQHandler
                0x080016a4                SDMMC2_IRQHandler
                0x080016a4                OTG_FS_EP1_OUT_IRQHandler
                0x080016a4                BDMA_Channel3_IRQHandler
                0x080016a4                UART7_IRQHandler
                0x080016a4                MDIOS_WKUP_IRQHandler
                0x080016a4                USART2_IRQHandler
                0x080016a4                DFSDM1_FLT0_IRQHandler
                0x080016a4                SAI4_IRQHandler
                0x080016a4                I2C2_ER_IRQHandler
                0x080016a4                DMA2_Stream1_IRQHandler
                0x080016a4                FLASH_IRQHandler
                0x080016a4                DMA2_Stream4_IRQHandler
                0x080016a4                USART1_IRQHandler
                0x080016a4                SPI3_IRQHandler
                0x080016a4                WAKEUP_PIN_IRQHandler
                0x080016a4                DMA1_Stream4_IRQHandler
                0x080016a4                OTG_FS_EP1_IN_IRQHandler
                0x080016a4                I2C1_ER_IRQHandler
                0x080016a4                FMC_IRQHandler
                0x080016a4                FDCAN_CAL_IRQHandler
                0x080016a4                SWPMI1_IRQHandler
                0x080016a4                COMP1_IRQHandler
                0x080016a4                LPTIM1_IRQHandler
                0x080016a4                I2C4_ER_IRQHandler
                0x080016a4                DMA2_Stream6_IRQHandler
                0x080016a4                SAI1_IRQHandler
                0x080016a4                DMA1_Stream3_IRQHandler
 *fill*         0x080016a6        0x2 
 .text.HAL_Init
                0x080016a8       0x78 ./Drivers/STM32H7xx_HAL_Driver/Src/stm32h7xx_hal.o
                0x080016a8                HAL_Init
 .text.HAL_InitTick
                0x08001720       0x6c ./Drivers/STM32H7xx_HAL_Driver/Src/stm32h7xx_hal.o
                0x08001720                HAL_InitTick
 .text.HAL_IncTick
                0x0800178c       0x28 ./Drivers/STM32H7xx_HAL_Driver/Src/stm32h7xx_hal.o
                0x0800178c                HAL_IncTick
 .text.HAL_GetTick
                0x080017b4       0x18 ./Drivers/STM32H7xx_HAL_Driver/Src/stm32h7xx_hal.o
                0x080017b4                HAL_GetTick
 .text.HAL_Delay
                0x080017cc       0x48 ./Drivers/STM32H7xx_HAL_Driver/Src/stm32h7xx_hal.o
                0x080017cc                HAL_Delay
 .text.HAL_GetREVID
                0x08001814       0x18 ./Drivers/STM32H7xx_HAL_Driver/Src/stm32h7xx_hal.o
                0x08001814                HAL_GetREVID
 .text.__NVIC_SetPriorityGrouping
                0x0800182c       0x48 ./Drivers/STM32H7xx_HAL_Driver/Src/stm32h7xx_hal_cortex.o
 .text.__NVIC_GetPriorityGrouping
                0x08001874       0x1c ./Drivers/STM32H7xx_HAL_Driver/Src/stm32h7xx_hal_cortex.o
 .text.__NVIC_EnableIRQ
                0x08001890       0x3c ./Drivers/STM32H7xx_HAL_Driver/Src/stm32h7xx_hal_cortex.o
 .text.__NVIC_SetPriority
                0x080018cc       0x54 ./Drivers/STM32H7xx_HAL_Driver/Src/stm32h7xx_hal_cortex.o
 .text.NVIC_EncodePriority
                0x08001920       0x66 ./Drivers/STM32H7xx_HAL_Driver/Src/stm32h7xx_hal_cortex.o
 *fill*         0x08001986        0x2 
 .text.SysTick_Config
                0x08001988       0x44 ./Drivers/STM32H7xx_HAL_Driver/Src/stm32h7xx_hal_cortex.o
 .text.HAL_NVIC_SetPriorityGrouping
                0x080019cc       0x16 ./Drivers/STM32H7xx_HAL_Driver/Src/stm32h7xx_hal_cortex.o
                0x080019cc                HAL_NVIC_SetPriorityGrouping
 .text.HAL_NVIC_SetPriority
                0x080019e2       0x34 ./Drivers/STM32H7xx_HAL_Driver/Src/stm32h7xx_hal_cortex.o
                0x080019e2                HAL_NVIC_SetPriority
 .text.HAL_NVIC_EnableIRQ
                0x08001a16       0x1c ./Drivers/STM32H7xx_HAL_Driver/Src/stm32h7xx_hal_cortex.o
                0x08001a16                HAL_NVIC_EnableIRQ
 .text.HAL_SYSTICK_Config
                0x08001a32       0x18 ./Drivers/STM32H7xx_HAL_Driver/Src/stm32h7xx_hal_cortex.o
                0x08001a32                HAL_SYSTICK_Config
 *fill*         0x08001a4a        0x2 
 .text.HAL_MPU_Disable
                0x08001a4c       0x30 ./Drivers/STM32H7xx_HAL_Driver/Src/stm32h7xx_hal_cortex.o
                0x08001a4c                HAL_MPU_Disable
 .text.HAL_MPU_Enable
                0x08001a7c       0x40 ./Drivers/STM32H7xx_HAL_Driver/Src/stm32h7xx_hal_cortex.o
                0x08001a7c                HAL_MPU_Enable
 .text.HAL_MPU_ConfigRegion
                0x08001abc       0x80 ./Drivers/STM32H7xx_HAL_Driver/Src/stm32h7xx_hal_cortex.o
                0x08001abc                HAL_MPU_ConfigRegion
 .text.HAL_DMA_Abort
                0x08001b3c      0x63c ./Drivers/STM32H7xx_HAL_Driver/Src/stm32h7xx_hal_dma.o
                0x08001b3c                HAL_DMA_Abort
 .text.HAL_DMA_Abort_IT
                0x08002178      0x48c ./Drivers/STM32H7xx_HAL_Driver/Src/stm32h7xx_hal_dma.o
                0x08002178                HAL_DMA_Abort_IT
 .text.HAL_GPIO_Init
                0x08002604      0x374 ./Drivers/STM32H7xx_HAL_Driver/Src/stm32h7xx_hal_gpio.o
                0x08002604                HAL_GPIO_Init
 .text.HAL_GPIO_WritePin
                0x08002978       0x32 ./Drivers/STM32H7xx_HAL_Driver/Src/stm32h7xx_hal_gpio.o
                0x08002978                HAL_GPIO_WritePin
 .text.HAL_PCD_Init
                0x080029aa      0x218 ./Drivers/STM32H7xx_HAL_Driver/Src/stm32h7xx_hal_pcd.o
                0x080029aa                HAL_PCD_Init
 .text.HAL_PCD_Start
                0x08002bc2       0x6a ./Drivers/STM32H7xx_HAL_Driver/Src/stm32h7xx_hal_pcd.o
                0x08002bc2                HAL_PCD_Start
 .text.HAL_PCD_IRQHandler
                0x08002c2c      0x9d0 ./Drivers/STM32H7xx_HAL_Driver/Src/stm32h7xx_hal_pcd.o
                0x08002c2c                HAL_PCD_IRQHandler
 .text.HAL_PCD_SetAddress
                0x080035fc       0x48 ./Drivers/STM32H7xx_HAL_Driver/Src/stm32h7xx_hal_pcd.o
                0x080035fc                HAL_PCD_SetAddress
 .text.HAL_PCD_EP_Open
                0x08003644       0xd4 ./Drivers/STM32H7xx_HAL_Driver/Src/stm32h7xx_hal_pcd.o
                0x08003644                HAL_PCD_EP_Open
 .text.HAL_PCD_EP_Close
                0x08003718       0x94 ./Drivers/STM32H7xx_HAL_Driver/Src/stm32h7xx_hal_pcd.o
                0x08003718                HAL_PCD_EP_Close
 .text.HAL_PCD_EP_Receive
                0x080037ac       0x76 ./Drivers/STM32H7xx_HAL_Driver/Src/stm32h7xx_hal_pcd.o
                0x080037ac                HAL_PCD_EP_Receive
 .text.HAL_PCD_EP_GetRxCount
                0x08003822       0x30 ./Drivers/STM32H7xx_HAL_Driver/Src/stm32h7xx_hal_pcd.o
                0x08003822                HAL_PCD_EP_GetRxCount
 .text.HAL_PCD_EP_Transmit
                0x08003852       0x74 ./Drivers/STM32H7xx_HAL_Driver/Src/stm32h7xx_hal_pcd.o
                0x08003852                HAL_PCD_EP_Transmit
 .text.HAL_PCD_EP_SetStall
                0x080038c6       0xc6 ./Drivers/STM32H7xx_HAL_Driver/Src/stm32h7xx_hal_pcd.o
                0x080038c6                HAL_PCD_EP_SetStall
 .text.HAL_PCD_EP_ClrStall
                0x0800398c       0xac ./Drivers/STM32H7xx_HAL_Driver/Src/stm32h7xx_hal_pcd.o
                0x0800398c                HAL_PCD_EP_ClrStall
 .text.HAL_PCD_EP_Abort
                0x08003a38       0x62 ./Drivers/STM32H7xx_HAL_Driver/Src/stm32h7xx_hal_pcd.o
                0x08003a38                HAL_PCD_EP_Abort
 .text.PCD_WriteEmptyTxFifo
                0x08003a9a      0x118 ./Drivers/STM32H7xx_HAL_Driver/Src/stm32h7xx_hal_pcd.o
 *fill*         0x08003bb2        0x2 
 .text.PCD_EP_OutXfrComplete_int
                0x08003bb4      0x1d0 ./Drivers/STM32H7xx_HAL_Driver/Src/stm32h7xx_hal_pcd.o
 .text.PCD_EP_OutSetupPacket_int
                0x08003d84       0x8c ./Drivers/STM32H7xx_HAL_Driver/Src/stm32h7xx_hal_pcd.o
 .text.HAL_PCDEx_SetTxFiFo
                0x08003e10       0x8e ./Drivers/STM32H7xx_HAL_Driver/Src/stm32h7xx_hal_pcd_ex.o
                0x08003e10                HAL_PCDEx_SetTxFiFo
 .text.HAL_PCDEx_SetRxFiFo
                0x08003e9e       0x22 ./Drivers/STM32H7xx_HAL_Driver/Src/stm32h7xx_hal_pcd_ex.o
                0x08003e9e                HAL_PCDEx_SetRxFiFo
 .text.HAL_PCDEx_ActivateLPM
                0x08003ec0       0x48 ./Drivers/STM32H7xx_HAL_Driver/Src/stm32h7xx_hal_pcd_ex.o
                0x08003ec0                HAL_PCDEx_ActivateLPM
 .text.HAL_PCDEx_LPM_Callback
                0x08003f08       0x18 ./Drivers/STM32H7xx_HAL_Driver/Src/stm32h7xx_hal_pcd_ex.o
                0x08003f08                HAL_PCDEx_LPM_Callback
 .text.HAL_PWREx_ConfigSupply
                0x08003f20       0x74 ./Drivers/STM32H7xx_HAL_Driver/Src/stm32h7xx_hal_pwr_ex.o
                0x08003f20                HAL_PWREx_ConfigSupply
 .text.HAL_PWREx_EnableUSBVoltageDetector
                0x08003f94       0x20 ./Drivers/STM32H7xx_HAL_Driver/Src/stm32h7xx_hal_pwr_ex.o
                0x08003f94                HAL_PWREx_EnableUSBVoltageDetector
 .text.HAL_QSPI_Init
                0x08003fb4       0xe8 ./Drivers/STM32H7xx_HAL_Driver/Src/stm32h7xx_hal_qspi.o
                0x08003fb4                HAL_QSPI_Init
 .text.HAL_QSPI_SetTimeout
                0x0800409c       0x1c ./Drivers/STM32H7xx_HAL_Driver/Src/stm32h7xx_hal_qspi.o
                0x0800409c                HAL_QSPI_SetTimeout
 .text.QSPI_WaitFlagStateUntilTimeout
                0x080040b8       0x6e ./Drivers/STM32H7xx_HAL_Driver/Src/stm32h7xx_hal_qspi.o
 *fill*         0x08004126        0x2 
 .text.HAL_RCC_OscConfig
                0x08004128      0x8b4 ./Drivers/STM32H7xx_HAL_Driver/Src/stm32h7xx_hal_rcc.o
                0x08004128                HAL_RCC_OscConfig
 .text.HAL_RCC_ClockConfig
                0x080049dc      0x36c ./Drivers/STM32H7xx_HAL_Driver/Src/stm32h7xx_hal_rcc.o
                0x080049dc                HAL_RCC_ClockConfig
 .text.HAL_RCC_GetSysClockFreq
                0x08004d48      0x2f4 ./Drivers/STM32H7xx_HAL_Driver/Src/stm32h7xx_hal_rcc.o
                0x08004d48                HAL_RCC_GetSysClockFreq
 .text.HAL_RCC_GetHCLKFreq
                0x0800503c       0x60 ./Drivers/STM32H7xx_HAL_Driver/Src/stm32h7xx_hal_rcc.o
                0x0800503c                HAL_RCC_GetHCLKFreq
 .text.HAL_RCC_GetPCLK1Freq
                0x0800509c       0x2c ./Drivers/STM32H7xx_HAL_Driver/Src/stm32h7xx_hal_rcc.o
                0x0800509c                HAL_RCC_GetPCLK1Freq
 .text.HAL_RCC_GetPCLK2Freq
                0x080050c8       0x2c ./Drivers/STM32H7xx_HAL_Driver/Src/stm32h7xx_hal_rcc.o
                0x080050c8                HAL_RCC_GetPCLK2Freq
 .text.HAL_RCCEx_PeriphCLKConfig
                0x080050f4     0x1414 ./Drivers/STM32H7xx_HAL_Driver/Src/stm32h7xx_hal_rcc_ex.o
                0x080050f4                HAL_RCCEx_PeriphCLKConfig
 .text.HAL_RCCEx_GetD3PCLK1Freq
                0x08006508       0x2c ./Drivers/STM32H7xx_HAL_Driver/Src/stm32h7xx_hal_rcc_ex.o
                0x08006508                HAL_RCCEx_GetD3PCLK1Freq
 .text.HAL_RCCEx_GetPLL2ClockFreq
                0x08006534      0x2a8 ./Drivers/STM32H7xx_HAL_Driver/Src/stm32h7xx_hal_rcc_ex.o
                0x08006534                HAL_RCCEx_GetPLL2ClockFreq
 .text.HAL_RCCEx_GetPLL3ClockFreq
                0x080067dc      0x2a8 ./Drivers/STM32H7xx_HAL_Driver/Src/stm32h7xx_hal_rcc_ex.o
                0x080067dc                HAL_RCCEx_GetPLL3ClockFreq
 .text.RCCEx_PLL2_Config
                0x08006a84      0x164 ./Drivers/STM32H7xx_HAL_Driver/Src/stm32h7xx_hal_rcc_ex.o
 .text.RCCEx_PLL3_Config
                0x08006be8      0x164 ./Drivers/STM32H7xx_HAL_Driver/Src/stm32h7xx_hal_rcc_ex.o
 .text.HAL_RTC_Init
                0x08006d4c      0x104 ./Drivers/STM32H7xx_HAL_Driver/Src/stm32h7xx_hal_rtc.o
                0x08006d4c                HAL_RTC_Init
 .text.HAL_RTC_SetTime
                0x08006e50      0x13c ./Drivers/STM32H7xx_HAL_Driver/Src/stm32h7xx_hal_rtc.o
                0x08006e50                HAL_RTC_SetTime
 .text.HAL_RTC_SetDate
                0x08006f8c      0x110 ./Drivers/STM32H7xx_HAL_Driver/Src/stm32h7xx_hal_rtc.o
                0x08006f8c                HAL_RTC_SetDate
 .text.HAL_RTC_WaitForSynchro
                0x0800709c       0x48 ./Drivers/STM32H7xx_HAL_Driver/Src/stm32h7xx_hal_rtc.o
                0x0800709c                HAL_RTC_WaitForSynchro
 .text.RTC_EnterInitMode
                0x080070e4       0x66 ./Drivers/STM32H7xx_HAL_Driver/Src/stm32h7xx_hal_rtc.o
                0x080070e4                RTC_EnterInitMode
 *fill*         0x0800714a        0x2 
 .text.RTC_ExitInitMode
                0x0800714c       0x7c ./Drivers/STM32H7xx_HAL_Driver/Src/stm32h7xx_hal_rtc.o
                0x0800714c                RTC_ExitInitMode
 .text.RTC_ByteToBcd2
                0x080071c8       0x40 ./Drivers/STM32H7xx_HAL_Driver/Src/stm32h7xx_hal_rtc.o
                0x080071c8                RTC_ByteToBcd2
 .text.HAL_UART_Init
                0x08007208       0xa0 ./Drivers/STM32H7xx_HAL_Driver/Src/stm32h7xx_hal_uart.o
                0x08007208                HAL_UART_Init
 .text.HAL_UART_Transmit
                0x080072a8      0x132 ./Drivers/STM32H7xx_HAL_Driver/Src/stm32h7xx_hal_uart.o
                0x080072a8                HAL_UART_Transmit
 *fill*         0x080073da        0x2 
 .text.HAL_UART_Receive_IT
                0x080073dc       0x98 ./Drivers/STM32H7xx_HAL_Driver/Src/stm32h7xx_hal_uart.o
                0x080073dc                HAL_UART_Receive_IT
 .text.HAL_UART_IRQHandler
                0x08007474      0x7ac ./Drivers/STM32H7xx_HAL_Driver/Src/stm32h7xx_hal_uart.o
                0x08007474                HAL_UART_IRQHandler
 .text.HAL_UART_TxCpltCallback
                0x08007c20       0x14 ./Drivers/STM32H7xx_HAL_Driver/Src/stm32h7xx_hal_uart.o
                0x08007c20                HAL_UART_TxCpltCallback
 .text.HAL_UART_ErrorCallback
                0x08007c34       0x14 ./Drivers/STM32H7xx_HAL_Driver/Src/stm32h7xx_hal_uart.o
                0x08007c34                HAL_UART_ErrorCallback
 .text.HAL_UARTEx_RxEventCallback
                0x08007c48       0x18 ./Drivers/STM32H7xx_HAL_Driver/Src/stm32h7xx_hal_uart.o
                0x08007c48                HAL_UARTEx_RxEventCallback
 .text.UART_SetConfig
                0x08007c60      0xad0 ./Drivers/STM32H7xx_HAL_Driver/Src/stm32h7xx_hal_uart.o
                0x08007c60                UART_SetConfig
 .text.UART_AdvFeatureConfig
                0x08008730      0x144 ./Drivers/STM32H7xx_HAL_Driver/Src/stm32h7xx_hal_uart.o
                0x08008730                UART_AdvFeatureConfig
 .text.UART_CheckIdleState
                0x08008874      0x154 ./Drivers/STM32H7xx_HAL_Driver/Src/stm32h7xx_hal_uart.o
                0x08008874                UART_CheckIdleState
 .text.UART_WaitOnFlagUntilTimeout
                0x080089c8       0xda ./Drivers/STM32H7xx_HAL_Driver/Src/stm32h7xx_hal_uart.o
                0x080089c8                UART_WaitOnFlagUntilTimeout
 *fill*         0x08008aa2        0x2 
 .text.UART_Start_Receive_IT
                0x08008aa4      0x244 ./Drivers/STM32H7xx_HAL_Driver/Src/stm32h7xx_hal_uart.o
                0x08008aa4                UART_Start_Receive_IT
 .text.UART_EndRxTransfer
                0x08008ce8       0xcc ./Drivers/STM32H7xx_HAL_Driver/Src/stm32h7xx_hal_uart.o
 .text.UART_DMAAbortOnError
                0x08008db4       0x1c ./Drivers/STM32H7xx_HAL_Driver/Src/stm32h7xx_hal_uart.o
 .text.UART_EndTransmit_IT
                0x08008dd0       0x56 ./Drivers/STM32H7xx_HAL_Driver/Src/stm32h7xx_hal_uart.o
 *fill*         0x08008e26        0x2 
 .text.UART_RxISR_8BIT
                0x08008e28      0x1b8 ./Drivers/STM32H7xx_HAL_Driver/Src/stm32h7xx_hal_uart.o
 .text.UART_RxISR_16BIT
                0x08008fe0      0x1b8 ./Drivers/STM32H7xx_HAL_Driver/Src/stm32h7xx_hal_uart.o
 .text.UART_RxISR_8BIT_FIFOEN
                0x08009198      0x364 ./Drivers/STM32H7xx_HAL_Driver/Src/stm32h7xx_hal_uart.o
 .text.UART_RxISR_16BIT_FIFOEN
                0x080094fc      0x36c ./Drivers/STM32H7xx_HAL_Driver/Src/stm32h7xx_hal_uart.o
 .text.HAL_UARTEx_WakeupCallback
                0x08009868       0x14 ./Drivers/STM32H7xx_HAL_Driver/Src/stm32h7xx_hal_uart_ex.o
                0x08009868                HAL_UARTEx_WakeupCallback
 .text.HAL_UARTEx_RxFifoFullCallback
                0x0800987c       0x14 ./Drivers/STM32H7xx_HAL_Driver/Src/stm32h7xx_hal_uart_ex.o
                0x0800987c                HAL_UARTEx_RxFifoFullCallback
 .text.HAL_UARTEx_TxFifoEmptyCallback
                0x08009890       0x14 ./Drivers/STM32H7xx_HAL_Driver/Src/stm32h7xx_hal_uart_ex.o
                0x08009890                HAL_UARTEx_TxFifoEmptyCallback
 .text.HAL_UARTEx_EnableFifoMode
                0x080098a4       0x76 ./Drivers/STM32H7xx_HAL_Driver/Src/stm32h7xx_hal_uart_ex.o
                0x080098a4                HAL_UARTEx_EnableFifoMode
 .text.HAL_UARTEx_DisableFifoMode
                0x0800991a       0x72 ./Drivers/STM32H7xx_HAL_Driver/Src/stm32h7xx_hal_uart_ex.o
                0x0800991a                HAL_UARTEx_DisableFifoMode
 .text.HAL_UARTEx_SetTxFifoThreshold
                0x0800998c       0x7c ./Drivers/STM32H7xx_HAL_Driver/Src/stm32h7xx_hal_uart_ex.o
                0x0800998c                HAL_UARTEx_SetTxFifoThreshold
 .text.HAL_UARTEx_SetRxFifoThreshold
                0x08009a08       0x7c ./Drivers/STM32H7xx_HAL_Driver/Src/stm32h7xx_hal_uart_ex.o
                0x08009a08                HAL_UARTEx_SetRxFifoThreshold
 .text.UARTEx_SetNbDataToProcess
                0x08009a84       0x9c ./Drivers/STM32H7xx_HAL_Driver/Src/stm32h7xx_hal_uart_ex.o
 .text.USB_CoreInit
                0x08009b20       0xf0 ./Drivers/STM32H7xx_HAL_Driver/Src/stm32h7xx_ll_usb.o
                0x08009b20                USB_CoreInit
 .text.USB_SetTurnaroundTime
                0x08009c10      0x144 ./Drivers/STM32H7xx_HAL_Driver/Src/stm32h7xx_ll_usb.o
                0x08009c10                USB_SetTurnaroundTime
 .text.USB_EnableGlobalInt
                0x08009d54       0x22 ./Drivers/STM32H7xx_HAL_Driver/Src/stm32h7xx_ll_usb.o
                0x08009d54                USB_EnableGlobalInt
 .text.USB_DisableGlobalInt
                0x08009d76       0x22 ./Drivers/STM32H7xx_HAL_Driver/Src/stm32h7xx_ll_usb.o
                0x08009d76                USB_DisableGlobalInt
 .text.USB_SetCurrentMode
                0x08009d98       0x98 ./Drivers/STM32H7xx_HAL_Driver/Src/stm32h7xx_ll_usb.o
                0x08009d98                USB_SetCurrentMode
 .text.USB_DevInit
                0x08009e30      0x2bc ./Drivers/STM32H7xx_HAL_Driver/Src/stm32h7xx_ll_usb.o
                0x08009e30                USB_DevInit
 .text.USB_FlushTxFifo
                0x0800a0ec       0x64 ./Drivers/STM32H7xx_HAL_Driver/Src/stm32h7xx_ll_usb.o
                0x0800a0ec                USB_FlushTxFifo
 .text.USB_FlushRxFifo
                0x0800a150       0x5c ./Drivers/STM32H7xx_HAL_Driver/Src/stm32h7xx_ll_usb.o
                0x0800a150                USB_FlushRxFifo
 .text.USB_SetDevSpeed
                0x0800a1ac       0x32 ./Drivers/STM32H7xx_HAL_Driver/Src/stm32h7xx_ll_usb.o
                0x0800a1ac                USB_SetDevSpeed
 .text.USB_GetDevSpeed
                0x0800a1de       0x4a ./Drivers/STM32H7xx_HAL_Driver/Src/stm32h7xx_ll_usb.o
                0x0800a1de                USB_GetDevSpeed
 .text.USB_ActivateEndpoint
                0x0800a228      0x110 ./Drivers/STM32H7xx_HAL_Driver/Src/stm32h7xx_ll_usb.o
                0x0800a228                USB_ActivateEndpoint
 .text.USB_DeactivateEndpoint
                0x0800a338      0x1b8 ./Drivers/STM32H7xx_HAL_Driver/Src/stm32h7xx_ll_usb.o
                0x0800a338                USB_DeactivateEndpoint
 .text.USB_EPStartXfer
                0x0800a4f0      0x548 ./Drivers/STM32H7xx_HAL_Driver/Src/stm32h7xx_ll_usb.o
                0x0800a4f0                USB_EPStartXfer
 .text.USB_EPStopXfer
                0x0800aa38      0x1fa ./Drivers/STM32H7xx_HAL_Driver/Src/stm32h7xx_ll_usb.o
                0x0800aa38                USB_EPStopXfer
 .text.USB_EPSetStall
                0x0800ac32       0xdc ./Drivers/STM32H7xx_HAL_Driver/Src/stm32h7xx_ll_usb.o
                0x0800ac32                USB_EPSetStall
 .text.USB_EPClearStall
                0x0800ad0e       0xcc ./Drivers/STM32H7xx_HAL_Driver/Src/stm32h7xx_ll_usb.o
                0x0800ad0e                USB_EPClearStall
 .text.USB_WritePacket
                0x0800adda       0x7c ./Drivers/STM32H7xx_HAL_Driver/Src/stm32h7xx_ll_usb.o
                0x0800adda                USB_WritePacket
 .text.USB_ReadPacket
                0x0800ae56       0xb0 ./Drivers/STM32H7xx_HAL_Driver/Src/stm32h7xx_ll_usb.o
                0x0800ae56                USB_ReadPacket
 .text.USB_SetDevAddress
                0x0800af06       0x4c ./Drivers/STM32H7xx_HAL_Driver/Src/stm32h7xx_ll_usb.o
                0x0800af06                USB_SetDevAddress
 .text.USB_DevConnect
                0x0800af52       0x42 ./Drivers/STM32H7xx_HAL_Driver/Src/stm32h7xx_ll_usb.o
                0x0800af52                USB_DevConnect
 .text.USB_DevDisconnect
                0x0800af94       0x42 ./Drivers/STM32H7xx_HAL_Driver/Src/stm32h7xx_ll_usb.o
                0x0800af94                USB_DevDisconnect
 .text.USB_ReadInterrupts
                0x0800afd6       0x26 ./Drivers/STM32H7xx_HAL_Driver/Src/stm32h7xx_ll_usb.o
                0x0800afd6                USB_ReadInterrupts
 .text.USB_ReadDevAllOutEpInterrupt
                0x0800affc       0x34 ./Drivers/STM32H7xx_HAL_Driver/Src/stm32h7xx_ll_usb.o
                0x0800affc                USB_ReadDevAllOutEpInterrupt
 .text.USB_ReadDevAllInEpInterrupt
                0x0800b030       0x34 ./Drivers/STM32H7xx_HAL_Driver/Src/stm32h7xx_ll_usb.o
                0x0800b030                USB_ReadDevAllInEpInterrupt
 .text.USB_ReadDevOutEPInterrupt
                0x0800b064       0x3c ./Drivers/STM32H7xx_HAL_Driver/Src/stm32h7xx_ll_usb.o
                0x0800b064                USB_ReadDevOutEPInterrupt
 .text.USB_ReadDevInEPInterrupt
                0x0800b0a0       0x5c ./Drivers/STM32H7xx_HAL_Driver/Src/stm32h7xx_ll_usb.o
                0x0800b0a0                USB_ReadDevInEPInterrupt
 .text.USB_GetMode
                0x0800b0fc       0x1c ./Drivers/STM32H7xx_HAL_Driver/Src/stm32h7xx_ll_usb.o
                0x0800b0fc                USB_GetMode
 .text.USB_ActivateSetup
                0x0800b118       0x48 ./Drivers/STM32H7xx_HAL_Driver/Src/stm32h7xx_ll_usb.o
                0x0800b118                USB_ActivateSetup
 .text.USB_EP0_OutStart
                0x0800b160       0xbc ./Drivers/STM32H7xx_HAL_Driver/Src/stm32h7xx_ll_usb.o
                0x0800b160                USB_EP0_OutStart
 .text.USB_CoreReset
                0x0800b21c       0x70 ./Drivers/STM32H7xx_HAL_Driver/Src/stm32h7xx_ll_usb.o
 .text.USBD_CDC_Init
                0x0800b28c      0x1f0 ./Middlewares/ST/STM32_USB_Device_Library/Class/CDC/Src/usbd_cdc.o
 .text.USBD_CDC_DeInit
                0x0800b47c      0x104 ./Middlewares/ST/STM32_USB_Device_Library/Class/CDC/Src/usbd_cdc.o
 .text.USBD_CDC_Setup
                0x0800b580      0x1b8 ./Middlewares/ST/STM32_USB_Device_Library/Class/CDC/Src/usbd_cdc.o
 .text.USBD_CDC_DataIn
                0x0800b738       0xfe ./Middlewares/ST/STM32_USB_Device_Library/Class/CDC/Src/usbd_cdc.o
 .text.USBD_CDC_DataOut
                0x0800b836       0x70 ./Middlewares/ST/STM32_USB_Device_Library/Class/CDC/Src/usbd_cdc.o
 .text.USBD_CDC_EP0_RxReady
                0x0800b8a6       0x74 ./Middlewares/ST/STM32_USB_Device_Library/Class/CDC/Src/usbd_cdc.o
 *fill*         0x0800b91a        0x2 
 .text.USBD_CDC_GetFSCfgDesc
                0x0800b91c       0x70 ./Middlewares/ST/STM32_USB_Device_Library/Class/CDC/Src/usbd_cdc.o
 .text.USBD_CDC_GetHSCfgDesc
                0x0800b98c       0x70 ./Middlewares/ST/STM32_USB_Device_Library/Class/CDC/Src/usbd_cdc.o
 .text.USBD_CDC_GetOtherSpeedCfgDesc
                0x0800b9fc       0x70 ./Middlewares/ST/STM32_USB_Device_Library/Class/CDC/Src/usbd_cdc.o
 .text.USBD_CDC_GetDeviceQualifierDescriptor
                0x0800ba6c       0x20 ./Middlewares/ST/STM32_USB_Device_Library/Class/CDC/Src/usbd_cdc.o
                0x0800ba6c                USBD_CDC_GetDeviceQualifierDescriptor
 .text.USBD_CDC_RegisterInterface
                0x0800ba8c       0x34 ./Middlewares/ST/STM32_USB_Device_Library/Class/CDC/Src/usbd_cdc.o
                0x0800ba8c                USBD_CDC_RegisterInterface
 .text.USBD_CDC_SetTxBuffer
                0x0800bac0       0x44 ./Middlewares/ST/STM32_USB_Device_Library/Class/CDC/Src/usbd_cdc.o
                0x0800bac0                USBD_CDC_SetTxBuffer
 .text.USBD_CDC_SetRxBuffer
                0x0800bb04       0x3a ./Middlewares/ST/STM32_USB_Device_Library/Class/CDC/Src/usbd_cdc.o
                0x0800bb04                USBD_CDC_SetRxBuffer
 *fill*         0x0800bb3e        0x2 
 .text.USBD_CDC_ReceivePacket
                0x0800bb40       0x6c ./Middlewares/ST/STM32_USB_Device_Library/Class/CDC/Src/usbd_cdc.o
                0x0800bb40                USBD_CDC_ReceivePacket
 .text.USBD_Init
                0x0800bbac       0x60 ./Middlewares/ST/STM32_USB_Device_Library/Core/Src/usbd_core.o
                0x0800bbac                USBD_Init
 .text.USBD_RegisterClass
                0x0800bc0c       0x6c ./Middlewares/ST/STM32_USB_Device_Library/Core/Src/usbd_core.o
                0x0800bc0c                USBD_RegisterClass
 .text.USBD_Start
                0x0800bc78       0x18 ./Middlewares/ST/STM32_USB_Device_Library/Core/Src/usbd_core.o
                0x0800bc78                USBD_Start
 .text.USBD_RunTestMode
                0x0800bc90       0x16 ./Middlewares/ST/STM32_USB_Device_Library/Core/Src/usbd_core.o
                0x0800bc90                USBD_RunTestMode
 .text.USBD_SetClassConfig
                0x0800bca6       0x38 ./Middlewares/ST/STM32_USB_Device_Library/Core/Src/usbd_core.o
                0x0800bca6                USBD_SetClassConfig
 .text.USBD_ClrClassConfig
                0x0800bcde       0x34 ./Middlewares/ST/STM32_USB_Device_Library/Core/Src/usbd_core.o
                0x0800bcde                USBD_ClrClassConfig
 .text.USBD_LL_SetupStage
                0x0800bd12       0xaa ./Middlewares/ST/STM32_USB_Device_Library/Core/Src/usbd_core.o
                0x0800bd12                USBD_LL_SetupStage
 .text.USBD_LL_DataOutStage
                0x0800bdbc      0x178 ./Middlewares/ST/STM32_USB_Device_Library/Core/Src/usbd_core.o
                0x0800bdbc                USBD_LL_DataOutStage
 .text.USBD_LL_DataInStage
                0x0800bf34      0x176 ./Middlewares/ST/STM32_USB_Device_Library/Core/Src/usbd_core.o
                0x0800bf34                USBD_LL_DataInStage
 .text.USBD_LL_Reset
                0x0800c0aa       0xa6 ./Middlewares/ST/STM32_USB_Device_Library/Core/Src/usbd_core.o
                0x0800c0aa                USBD_LL_Reset
 .text.USBD_LL_SetSpeed
                0x0800c150       0x20 ./Middlewares/ST/STM32_USB_Device_Library/Core/Src/usbd_core.o
                0x0800c150                USBD_LL_SetSpeed
 .text.USBD_LL_Suspend
                0x0800c170       0x38 ./Middlewares/ST/STM32_USB_Device_Library/Core/Src/usbd_core.o
                0x0800c170                USBD_LL_Suspend
 .text.USBD_LL_Resume
                0x0800c1a8       0x30 ./Middlewares/ST/STM32_USB_Device_Library/Core/Src/usbd_core.o
                0x0800c1a8                USBD_LL_Resume
 .text.USBD_LL_SOF
                0x0800c1d8       0x40 ./Middlewares/ST/STM32_USB_Device_Library/Core/Src/usbd_core.o
                0x0800c1d8                USBD_LL_SOF
 .text.USBD_LL_IsoINIncomplete
                0x0800c218       0x64 ./Middlewares/ST/STM32_USB_Device_Library/Core/Src/usbd_core.o
                0x0800c218                USBD_LL_IsoINIncomplete
 .text.USBD_LL_IsoOUTIncomplete
                0x0800c27c       0x64 ./Middlewares/ST/STM32_USB_Device_Library/Core/Src/usbd_core.o
                0x0800c27c                USBD_LL_IsoOUTIncomplete
 .text.USBD_LL_DevConnected
                0x0800c2e0       0x16 ./Middlewares/ST/STM32_USB_Device_Library/Core/Src/usbd_core.o
                0x0800c2e0                USBD_LL_DevConnected
 .text.USBD_LL_DevDisconnected
                0x0800c2f6       0x46 ./Middlewares/ST/STM32_USB_Device_Library/Core/Src/usbd_core.o
                0x0800c2f6                USBD_LL_DevDisconnected
 .text.USBD_CoreFindIF
                0x0800c33c       0x1a ./Middlewares/ST/STM32_USB_Device_Library/Core/Src/usbd_core.o
                0x0800c33c                USBD_CoreFindIF
 .text.USBD_CoreFindEP
                0x0800c356       0x1a ./Middlewares/ST/STM32_USB_Device_Library/Core/Src/usbd_core.o
                0x0800c356                USBD_CoreFindEP
 .text.USBD_GetEpDesc
                0x0800c370       0x70 ./Middlewares/ST/STM32_USB_Device_Library/Core/Src/usbd_core.o
                0x0800c370                USBD_GetEpDesc
 .text.USBD_GetNextDesc
                0x0800c3e0       0x38 ./Middlewares/ST/STM32_USB_Device_Library/Core/Src/usbd_core.o
                0x0800c3e0                USBD_GetNextDesc
 .text.SWAPBYTE
                0x0800c418       0x3e ./Middlewares/ST/STM32_USB_Device_Library/Core/Src/usbd_ctlreq.o
 *fill*         0x0800c456        0x2 
 .text.USBD_StdDevReq
                0x0800c458       0xe4 ./Middlewares/ST/STM32_USB_Device_Library/Core/Src/usbd_ctlreq.o
                0x0800c458                USBD_StdDevReq
 .text.USBD_StdItfReq
                0x0800c53c       0xd8 ./Middlewares/ST/STM32_USB_Device_Library/Core/Src/usbd_ctlreq.o
                0x0800c53c                USBD_StdItfReq
 .text.USBD_StdEPReq
                0x0800c614      0x33e ./Middlewares/ST/STM32_USB_Device_Library/Core/Src/usbd_ctlreq.o
                0x0800c614                USBD_StdEPReq
 *fill*         0x0800c952        0x2 
 .text.USBD_GetDescriptor
                0x0800c954      0x328 ./Middlewares/ST/STM32_USB_Device_Library/Core/Src/usbd_ctlreq.o
 .text.USBD_SetAddress
                0x0800cc7c       0x88 ./Middlewares/ST/STM32_USB_Device_Library/Core/Src/usbd_ctlreq.o
 .text.USBD_SetConfig
                0x0800cd04      0x154 ./Middlewares/ST/STM32_USB_Device_Library/Core/Src/usbd_ctlreq.o
 .text.USBD_GetConfig
                0x0800ce58       0x6c ./Middlewares/ST/STM32_USB_Device_Library/Core/Src/usbd_ctlreq.o
 .text.USBD_GetStatus
                0x0800cec4       0x68 ./Middlewares/ST/STM32_USB_Device_Library/Core/Src/usbd_ctlreq.o
 .text.USBD_SetFeature
                0x0800cf2c       0x52 ./Middlewares/ST/STM32_USB_Device_Library/Core/Src/usbd_ctlreq.o
 .text.USBD_ClrFeature
                0x0800cf7e       0x44 ./Middlewares/ST/STM32_USB_Device_Library/Core/Src/usbd_ctlreq.o
 .text.USBD_ParseSetupRequest
                0x0800cfc2       0x74 ./Middlewares/ST/STM32_USB_Device_Library/Core/Src/usbd_ctlreq.o
                0x0800cfc2                USBD_ParseSetupRequest
 .text.USBD_CtlError
                0x0800d036       0x22 ./Middlewares/ST/STM32_USB_Device_Library/Core/Src/usbd_ctlreq.o
                0x0800d036                USBD_CtlError
 .text.USBD_GetString
                0x0800d058       0xa4 ./Middlewares/ST/STM32_USB_Device_Library/Core/Src/usbd_ctlreq.o
                0x0800d058                USBD_GetString
 .text.USBD_GetLen
                0x0800d0fc       0x34 ./Middlewares/ST/STM32_USB_Device_Library/Core/Src/usbd_ctlreq.o
 .text.USBD_CtlSendData
                0x0800d130       0x3c ./Middlewares/ST/STM32_USB_Device_Library/Core/Src/usbd_ioreq.o
                0x0800d130                USBD_CtlSendData
 .text.USBD_CtlContinueSendData
                0x0800d16c       0x22 ./Middlewares/ST/STM32_USB_Device_Library/Core/Src/usbd_ioreq.o
                0x0800d16c                USBD_CtlContinueSendData
 .text.USBD_CtlPrepareRx
                0x0800d18e       0x42 ./Middlewares/ST/STM32_USB_Device_Library/Core/Src/usbd_ioreq.o
                0x0800d18e                USBD_CtlPrepareRx
 .text.USBD_CtlContinueRx
                0x0800d1d0       0x22 ./Middlewares/ST/STM32_USB_Device_Library/Core/Src/usbd_ioreq.o
                0x0800d1d0                USBD_CtlContinueRx
 .text.USBD_CtlSendStatus
                0x0800d1f2       0x26 ./Middlewares/ST/STM32_USB_Device_Library/Core/Src/usbd_ioreq.o
                0x0800d1f2                USBD_CtlSendStatus
 .text.USBD_CtlReceiveStatus
                0x0800d218       0x26 ./Middlewares/ST/STM32_USB_Device_Library/Core/Src/usbd_ioreq.o
                0x0800d218                USBD_CtlReceiveStatus
 *fill*         0x0800d23e        0x2 
 .text.MX_USB_DEVICE_Init
                0x0800d240       0x64 ./USB_DEVICE/App/usb_device.o
                0x0800d240                MX_USB_DEVICE_Init
 .text.CDC_Init_FS
                0x0800d2a4       0x28 ./USB_DEVICE/App/usbd_cdc_if.o
 .text.CDC_DeInit_FS
                0x0800d2cc       0x10 ./USB_DEVICE/App/usbd_cdc_if.o
 .text.CDC_Control_FS
                0x0800d2dc       0xbc ./USB_DEVICE/App/usbd_cdc_if.o
 .text.CDC_Receive_FS
                0x0800d398       0x28 ./USB_DEVICE/App/usbd_cdc_if.o
 .text.CDC_TransmitCplt_FS
                0x0800d3c0       0x22 ./USB_DEVICE/App/usbd_cdc_if.o
 *fill*         0x0800d3e2        0x2 
 .text.USBD_FS_DeviceDescriptor
                0x0800d3e4       0x24 ./USB_DEVICE/App/usbd_desc.o
                0x0800d3e4                USBD_FS_DeviceDescriptor
 .text.USBD_FS_LangIDStrDescriptor
                0x0800d408       0x24 ./USB_DEVICE/App/usbd_desc.o
                0x0800d408                USBD_FS_LangIDStrDescriptor
 .text.USBD_FS_ProductStrDescriptor
                0x0800d42c       0x3c ./USB_DEVICE/App/usbd_desc.o
                0x0800d42c                USBD_FS_ProductStrDescriptor
 .text.USBD_FS_ManufacturerStrDescriptor
                0x0800d468       0x28 ./USB_DEVICE/App/usbd_desc.o
                0x0800d468                USBD_FS_ManufacturerStrDescriptor
 .text.USBD_FS_SerialStrDescriptor
                0x0800d490       0x24 ./USB_DEVICE/App/usbd_desc.o
                0x0800d490                USBD_FS_SerialStrDescriptor
 .text.USBD_FS_ConfigStrDescriptor
                0x0800d4b4       0x3c ./USB_DEVICE/App/usbd_desc.o
                0x0800d4b4                USBD_FS_ConfigStrDescriptor
 .text.USBD_FS_InterfaceStrDescriptor
                0x0800d4f0       0x3c ./USB_DEVICE/App/usbd_desc.o
                0x0800d4f0                USBD_FS_InterfaceStrDescriptor
 .text.Get_SerialNum
                0x0800d52c       0x58 ./USB_DEVICE/App/usbd_desc.o
 .text.IntToUnicode
                0x0800d584       0x7e ./USB_DEVICE/App/usbd_desc.o
 *fill*         0x0800d602        0x2 
 .text.HAL_PCD_MspInit
                0x0800d604       0xe8 ./USB_DEVICE/Target/usbd_conf.o
                0x0800d604                HAL_PCD_MspInit
 .text.HAL_PCD_SetupStageCallback
                0x0800d6ec       0x24 ./USB_DEVICE/Target/usbd_conf.o
                0x0800d6ec                HAL_PCD_SetupStageCallback
 .text.HAL_PCD_DataOutStageCallback
                0x0800d710       0x36 ./USB_DEVICE/Target/usbd_conf.o
                0x0800d710                HAL_PCD_DataOutStageCallback
 .text.HAL_PCD_DataInStageCallback
                0x0800d746       0x34 ./USB_DEVICE/Target/usbd_conf.o
                0x0800d746                HAL_PCD_DataInStageCallback
 .text.HAL_PCD_SOFCallback
                0x0800d77a       0x1c ./USB_DEVICE/Target/usbd_conf.o
                0x0800d77a                HAL_PCD_SOFCallback
 .text.HAL_PCD_ResetCallback
                0x0800d796       0x50 ./USB_DEVICE/Target/usbd_conf.o
                0x0800d796                HAL_PCD_ResetCallback
 *fill*         0x0800d7e6        0x2 
 .text.HAL_PCD_SuspendCallback
                0x0800d7e8       0x4c ./USB_DEVICE/Target/usbd_conf.o
                0x0800d7e8                HAL_PCD_SuspendCallback
 .text.HAL_PCD_ResumeCallback
                0x0800d834       0x1c ./USB_DEVICE/Target/usbd_conf.o
                0x0800d834                HAL_PCD_ResumeCallback
 .text.HAL_PCD_ISOOUTIncompleteCallback
                0x0800d850       0x24 ./USB_DEVICE/Target/usbd_conf.o
                0x0800d850                HAL_PCD_ISOOUTIncompleteCallback
 .text.HAL_PCD_ISOINIncompleteCallback
                0x0800d874       0x24 ./USB_DEVICE/Target/usbd_conf.o
                0x0800d874                HAL_PCD_ISOINIncompleteCallback
 .text.HAL_PCD_ConnectCallback
                0x0800d898       0x1c ./USB_DEVICE/Target/usbd_conf.o
                0x0800d898                HAL_PCD_ConnectCallback
 .text.HAL_PCD_DisconnectCallback
                0x0800d8b4       0x1c ./USB_DEVICE/Target/usbd_conf.o
                0x0800d8b4                HAL_PCD_DisconnectCallback
 .text.USBD_LL_Init
                0x0800d8d0       0xa0 ./USB_DEVICE/Target/usbd_conf.o
                0x0800d8d0                USBD_LL_Init
 .text.USBD_LL_Start
                0x0800d970       0x36 ./USB_DEVICE/Target/usbd_conf.o
                0x0800d970                USBD_LL_Start
 .text.USBD_LL_OpenEP
                0x0800d9a6       0x4c ./USB_DEVICE/Target/usbd_conf.o
                0x0800d9a6                USBD_LL_OpenEP
 .text.USBD_LL_CloseEP
                0x0800d9f2       0x3e ./USB_DEVICE/Target/usbd_conf.o
                0x0800d9f2                USBD_LL_CloseEP
 .text.USBD_LL_StallEP
                0x0800da30       0x3e ./USB_DEVICE/Target/usbd_conf.o
                0x0800da30                USBD_LL_StallEP
 .text.USBD_LL_ClearStallEP
                0x0800da6e       0x3e ./USB_DEVICE/Target/usbd_conf.o
                0x0800da6e                USBD_LL_ClearStallEP
 .text.USBD_LL_IsStallEP
                0x0800daac       0x58 ./USB_DEVICE/Target/usbd_conf.o
                0x0800daac                USBD_LL_IsStallEP
 .text.USBD_LL_SetUSBAddress
                0x0800db04       0x3e ./USB_DEVICE/Target/usbd_conf.o
                0x0800db04                USBD_LL_SetUSBAddress
 .text.USBD_LL_Transmit
                0x0800db42       0x42 ./USB_DEVICE/Target/usbd_conf.o
                0x0800db42                USBD_LL_Transmit
 .text.USBD_LL_PrepareReceive
                0x0800db84       0x42 ./USB_DEVICE/Target/usbd_conf.o
                0x0800db84                USBD_LL_PrepareReceive
 .text.USBD_LL_GetRxDataSize
                0x0800dbc6       0x26 ./USB_DEVICE/Target/usbd_conf.o
                0x0800dbc6                USBD_LL_GetRxDataSize
 .text.USBD_static_malloc
                0x0800dbec       0x1c ./USB_DEVICE/Target/usbd_conf.o
                0x0800dbec                USBD_static_malloc
 .text.USBD_static_free
                0x0800dc08       0x14 ./USB_DEVICE/Target/usbd_conf.o
                0x0800dc08                USBD_static_free
 .text.USBD_Get_USB_Status
                0x0800dc1c       0x58 ./USB_DEVICE/Target/usbd_conf.o
                0x0800dc1c                USBD_Get_USB_Status
 .text.__cvt    0x0800dc74       0xa8 C:/ST/STM32CubeIDE_2.1.1/STM32CubeIDE/plugins/com.st.stm32cube.ide.mcu.externaltools.gnu-tools-for-stm32.14.3.rel1.win32_1.0.100.202602081740/tools/bin/../lib/gcc/arm-none-eabi/14.3.1/../../../../arm-none-eabi/lib/thumb/v7e-m+dp/hard\libc_nano.a(libc_a-nano-vfprintf_float.o)
                0x0800dc74                __cvt
 .text.__exponent
                0x0800dd1c       0x74 C:/ST/STM32CubeIDE_2.1.1/STM32CubeIDE/plugins/com.st.stm32cube.ide.mcu.externaltools.gnu-tools-for-stm32.14.3.rel1.win32_1.0.100.202602081740/tools/bin/../lib/gcc/arm-none-eabi/14.3.1/../../../../arm-none-eabi/lib/thumb/v7e-m+dp/hard\libc_nano.a(libc_a-nano-vfprintf_float.o)
                0x0800dd1c                __exponent
 .text._printf_float
                0x0800dd90      0x434 C:/ST/STM32CubeIDE_2.1.1/STM32CubeIDE/plugins/com.st.stm32cube.ide.mcu.externaltools.gnu-tools-for-stm32.14.3.rel1.win32_1.0.100.202602081740/tools/bin/../lib/gcc/arm-none-eabi/14.3.1/../../../../arm-none-eabi/lib/thumb/v7e-m+dp/hard\libc_nano.a(libc_a-nano-vfprintf_float.o)
                0x0800dd90                _printf_float
 .text._printf_common
                0x0800e1c4       0xda C:/ST/STM32CubeIDE_2.1.1/STM32CubeIDE/plugins/com.st.stm32cube.ide.mcu.externaltools.gnu-tools-for-stm32.14.3.rel1.win32_1.0.100.202602081740/tools/bin/../lib/gcc/arm-none-eabi/14.3.1/../../../../arm-none-eabi/lib/thumb/v7e-m+dp/hard\libc_nano.a(libc_a-nano-vfprintf_i.o)
                0x0800e1c4                _printf_common
 *fill*         0x0800e29e        0x2 
 .text._printf_i
                0x0800e2a0      0x24c C:/ST/STM32CubeIDE_2.1.1/STM32CubeIDE/plugins/com.st.stm32cube.ide.mcu.externaltools.gnu-tools-for-stm32.14.3.rel1.win32_1.0.100.202602081740/tools/bin/../lib/gcc/arm-none-eabi/14.3.1/../../../../arm-none-eabi/lib/thumb/v7e-m+dp/hard\libc_nano.a(libc_a-nano-vfprintf_i.o)
                0x0800e2a0                _printf_i
 .text.std      0x0800e4ec       0x6c C:/ST/STM32CubeIDE_2.1.1/STM32CubeIDE/plugins/com.st.stm32cube.ide.mcu.externaltools.gnu-tools-for-stm32.14.3.rel1.win32_1.0.100.202602081740/tools/bin/../lib/gcc/arm-none-eabi/14.3.1/../../../../arm-none-eabi/lib/thumb/v7e-m+dp/hard\libc_nano.a(libc_a-findfp.o)
 .text.stdio_exit_handler
                0x0800e558       0x18 C:/ST/STM32CubeIDE_2.1.1/STM32CubeIDE/plugins/com.st.stm32cube.ide.mcu.externaltools.gnu-tools-for-stm32.14.3.rel1.win32_1.0.100.202602081740/tools/bin/../lib/gcc/arm-none-eabi/14.3.1/../../../../arm-none-eabi/lib/thumb/v7e-m+dp/hard\libc_nano.a(libc_a-findfp.o)
 .text.cleanup_stdio
                0x0800e570       0x40 C:/ST/STM32CubeIDE_2.1.1/STM32CubeIDE/plugins/com.st.stm32cube.ide.mcu.externaltools.gnu-tools-for-stm32.14.3.rel1.win32_1.0.100.202602081740/tools/bin/../lib/gcc/arm-none-eabi/14.3.1/../../../../arm-none-eabi/lib/thumb/v7e-m+dp/hard\libc_nano.a(libc_a-findfp.o)
 .text.global_stdio_init.part.0
                0x0800e5b0       0x40 C:/ST/STM32CubeIDE_2.1.1/STM32CubeIDE/plugins/com.st.stm32cube.ide.mcu.externaltools.gnu-tools-for-stm32.14.3.rel1.win32_1.0.100.202602081740/tools/bin/../lib/gcc/arm-none-eabi/14.3.1/../../../../arm-none-eabi/lib/thumb/v7e-m+dp/hard\libc_nano.a(libc_a-findfp.o)
 .text.__sfp_lock_acquire
                0x0800e5f0        0xc C:/ST/STM32CubeIDE_2.1.1/STM32CubeIDE/plugins/com.st.stm32cube.ide.mcu.externaltools.gnu-tools-for-stm32.14.3.rel1.win32_1.0.100.202602081740/tools/bin/../lib/gcc/arm-none-eabi/14.3.1/../../../../arm-none-eabi/lib/thumb/v7e-m+dp/hard\libc_nano.a(libc_a-findfp.o)
                0x0800e5f0                __sfp_lock_acquire
 .text.__sfp_lock_release
                0x0800e5fc        0xc C:/ST/STM32CubeIDE_2.1.1/STM32CubeIDE/plugins/com.st.stm32cube.ide.mcu.externaltools.gnu-tools-for-stm32.14.3.rel1.win32_1.0.100.202602081740/tools/bin/../lib/gcc/arm-none-eabi/14.3.1/../../../../arm-none-eabi/lib/thumb/v7e-m+dp/hard\libc_nano.a(libc_a-findfp.o)
                0x0800e5fc                __sfp_lock_release
 .text.__sinit  0x0800e608       0x30 C:/ST/STM32CubeIDE_2.1.1/STM32CubeIDE/plugins/com.st.stm32cube.ide.mcu.externaltools.gnu-tools-for-stm32.14.3.rel1.win32_1.0.100.202602081740/tools/bin/../lib/gcc/arm-none-eabi/14.3.1/../../../../arm-none-eabi/lib/thumb/v7e-m+dp/hard\libc_nano.a(libc_a-findfp.o)
                0x0800e608                __sinit
 .text._fwalk_sglue
                0x0800e638       0x3c C:/ST/STM32CubeIDE_2.1.1/STM32CubeIDE/plugins/com.st.stm32cube.ide.mcu.externaltools.gnu-tools-for-stm32.14.3.rel1.win32_1.0.100.202602081740/tools/bin/../lib/gcc/arm-none-eabi/14.3.1/../../../../arm-none-eabi/lib/thumb/v7e-m+dp/hard\libc_nano.a(libc_a-fwalk.o)
                0x0800e638                _fwalk_sglue
 .text.snprintf
                0x0800e674       0x6c C:/ST/STM32CubeIDE_2.1.1/STM32CubeIDE/plugins/com.st.stm32cube.ide.mcu.externaltools.gnu-tools-for-stm32.14.3.rel1.win32_1.0.100.202602081740/tools/bin/../lib/gcc/arm-none-eabi/14.3.1/../../../../arm-none-eabi/lib/thumb/v7e-m+dp/hard\libc_nano.a(libc_a-snprintf.o)
                0x0800e674                sniprintf
                0x0800e674                snprintf
 .text.__sread  0x0800e6e0       0x22 C:/ST/STM32CubeIDE_2.1.1/STM32CubeIDE/plugins/com.st.stm32cube.ide.mcu.externaltools.gnu-tools-for-stm32.14.3.rel1.win32_1.0.100.202602081740/tools/bin/../lib/gcc/arm-none-eabi/14.3.1/../../../../arm-none-eabi/lib/thumb/v7e-m+dp/hard\libc_nano.a(libc_a-stdio.o)
                0x0800e6e0                __sread
 .text.__swrite
                0x0800e702       0x38 C:/ST/STM32CubeIDE_2.1.1/STM32CubeIDE/plugins/com.st.stm32cube.ide.mcu.externaltools.gnu-tools-for-stm32.14.3.rel1.win32_1.0.100.202602081740/tools/bin/../lib/gcc/arm-none-eabi/14.3.1/../../../../arm-none-eabi/lib/thumb/v7e-m+dp/hard\libc_nano.a(libc_a-stdio.o)
                0x0800e702                __swrite
 .text.__sseek  0x0800e73a       0x26 C:/ST/STM32CubeIDE_2.1.1/STM32CubeIDE/plugins/com.st.stm32cube.ide.mcu.externaltools.gnu-tools-for-stm32.14.3.rel1.win32_1.0.100.202602081740/tools/bin/../lib/gcc/arm-none-eabi/14.3.1/../../../../arm-none-eabi/lib/thumb/v7e-m+dp/hard\libc_nano.a(libc_a-stdio.o)
                0x0800e73a                __sseek
 .text.__sclose
                0x0800e760        0x8 C:/ST/STM32CubeIDE_2.1.1/STM32CubeIDE/plugins/com.st.stm32cube.ide.mcu.externaltools.gnu-tools-for-stm32.14.3.rel1.win32_1.0.100.202602081740/tools/bin/../lib/gcc/arm-none-eabi/14.3.1/../../../../arm-none-eabi/lib/thumb/v7e-m+dp/hard\libc_nano.a(libc_a-stdio.o)
                0x0800e760                __sclose
 .text.memset   0x0800e768       0x10 C:/ST/STM32CubeIDE_2.1.1/STM32CubeIDE/plugins/com.st.stm32cube.ide.mcu.externaltools.gnu-tools-for-stm32.14.3.rel1.win32_1.0.100.202602081740/tools/bin/../lib/gcc/arm-none-eabi/14.3.1/../../../../arm-none-eabi/lib/thumb/v7e-m+dp/hard\libc_nano.a(libc_a-memset.o)
                0x0800e768                memset
 .text._localeconv_r
                0x0800e778        0x8 C:/ST/STM32CubeIDE_2.1.1/STM32CubeIDE/plugins/com.st.stm32cube.ide.mcu.externaltools.gnu-tools-for-stm32.14.3.rel1.win32_1.0.100.202602081740/tools/bin/../lib/gcc/arm-none-eabi/14.3.1/../../../../arm-none-eabi/lib/thumb/v7e-m+dp/hard\libc_nano.a(libc_a-localeconv.o)
                0x0800e778                _localeconv_r
 .text._close_r
                0x0800e780       0x20 C:/ST/STM32CubeIDE_2.1.1/STM32CubeIDE/plugins/com.st.stm32cube.ide.mcu.externaltools.gnu-tools-for-stm32.14.3.rel1.win32_1.0.100.202602081740/tools/bin/../lib/gcc/arm-none-eabi/14.3.1/../../../../arm-none-eabi/lib/thumb/v7e-m+dp/hard\libc_nano.a(libc_a-closer.o)
                0x0800e780                _close_r
 .text._lseek_r
                0x0800e7a0       0x24 C:/ST/STM32CubeIDE_2.1.1/STM32CubeIDE/plugins/com.st.stm32cube.ide.mcu.externaltools.gnu-tools-for-stm32.14.3.rel1.win32_1.0.100.202602081740/tools/bin/../lib/gcc/arm-none-eabi/14.3.1/../../../../arm-none-eabi/lib/thumb/v7e-m+dp/hard\libc_nano.a(libc_a-lseekr.o)
                0x0800e7a0                _lseek_r
 .text._read_r  0x0800e7c4       0x24 C:/ST/STM32CubeIDE_2.1.1/STM32CubeIDE/plugins/com.st.stm32cube.ide.mcu.externaltools.gnu-tools-for-stm32.14.3.rel1.win32_1.0.100.202602081740/tools/bin/../lib/gcc/arm-none-eabi/14.3.1/../../../../arm-none-eabi/lib/thumb/v7e-m+dp/hard\libc_nano.a(libc_a-readr.o)
                0x0800e7c4                _read_r
 .text._write_r
                0x0800e7e8       0x24 C:/ST/STM32CubeIDE_2.1.1/STM32CubeIDE/plugins/com.st.stm32cube.ide.mcu.externaltools.gnu-tools-for-stm32.14.3.rel1.win32_1.0.100.202602081740/tools/bin/../lib/gcc/arm-none-eabi/14.3.1/../../../../arm-none-eabi/lib/thumb/v7e-m+dp/hard\libc_nano.a(libc_a-writer.o)
                0x0800e7e8                _write_r
 .text.__errno  0x0800e80c        0xc C:/ST/STM32CubeIDE_2.1.1/STM32CubeIDE/plugins/com.st.stm32cube.ide.mcu.externaltools.gnu-tools-for-stm32.14.3.rel1.win32_1.0.100.202602081740/tools/bin/../lib/gcc/arm-none-eabi/14.3.1/../../../../arm-none-eabi/lib/thumb/v7e-m+dp/hard\libc_nano.a(libc_a-errno.o)
                0x0800e80c                __errno
 .text.__libc_init_array
                0x0800e818       0x48 C:/ST/STM32CubeIDE_2.1.1/STM32CubeIDE/plugins/com.st.stm32cube.ide.mcu.externaltools.gnu-tools-for-stm32.14.3.rel1.win32_1.0.100.202602081740/tools/bin/../lib/gcc/arm-none-eabi/14.3.1/../../../../arm-none-eabi/lib/thumb/v7e-m+dp/hard\libc_nano.a(libc_a-init.o)
                0x0800e818                __libc_init_array
 .text.__retarget_lock_init_recursive
                0x0800e860        0x2 C:/ST/STM32CubeIDE_2.1.1/STM32CubeIDE/plugins/com.st.stm32cube.ide.mcu.externaltools.gnu-tools-for-stm32.14.3.rel1.win32_1.0.100.202602081740/tools/bin/../lib/gcc/arm-none-eabi/14.3.1/../../../../arm-none-eabi/lib/thumb/v7e-m+dp/hard\libc_nano.a(libc_a-lock.o)
                0x0800e860                __retarget_lock_init_recursive
 .text.__retarget_lock_acquire_recursive
                0x0800e862        0x2 C:/ST/STM32CubeIDE_2.1.1/STM32CubeIDE/plugins/com.st.stm32cube.ide.mcu.externaltools.gnu-tools-for-stm32.14.3.rel1.win32_1.0.100.202602081740/tools/bin/../lib/gcc/arm-none-eabi/14.3.1/../../../../arm-none-eabi/lib/thumb/v7e-m+dp/hard\libc_nano.a(libc_a-lock.o)
                0x0800e862                __retarget_lock_acquire_recursive
 .text.__retarget_lock_release_recursive
                0x0800e864        0x2 C:/ST/STM32CubeIDE_2.1.1/STM32CubeIDE/plugins/com.st.stm32cube.ide.mcu.externaltools.gnu-tools-for-stm32.14.3.rel1.win32_1.0.100.202602081740/tools/bin/../lib/gcc/arm-none-eabi/14.3.1/../../../../arm-none-eabi/lib/thumb/v7e-m+dp/hard\libc_nano.a(libc_a-lock.o)
                0x0800e864                __retarget_lock_release_recursive
 .text.memcpy   0x0800e866       0x1c C:/ST/STM32CubeIDE_2.1.1/STM32CubeIDE/plugins/com.st.stm32cube.ide.mcu.externaltools.gnu-tools-for-stm32.14.3.rel1.win32_1.0.100.202602081740/tools/bin/../lib/gcc/arm-none-eabi/14.3.1/../../../../arm-none-eabi/lib/thumb/v7e-m+dp/hard\libc_nano.a(libc_a-memcpy-stub.o)
                0x0800e866                memcpy
 .text.quorem   0x0800e882      0x110 C:/ST/STM32CubeIDE_2.1.1/STM32CubeIDE/plugins/com.st.stm32cube.ide.mcu.externaltools.gnu-tools-for-stm32.14.3.rel1.win32_1.0.100.202602081740/tools/bin/../lib/gcc/arm-none-eabi/14.3.1/../../../../arm-none-eabi/lib/thumb/v7e-m+dp/hard\libc_nano.a(libc_a-dtoa.o)
 *fill*         0x0800e992        0x6 
 .text._dtoa_r  0x0800e998      0xa94 C:/ST/STM32CubeIDE_2.1.1/STM32CubeIDE/plugins/com.st.stm32cube.ide.mcu.externaltools.gnu-tools-for-stm32.14.3.rel1.win32_1.0.100.202602081740/tools/bin/../lib/gcc/arm-none-eabi/14.3.1/../../../../arm-none-eabi/lib/thumb/v7e-m+dp/hard\libc_nano.a(libc_a-dtoa.o)
                0x0800e998                _dtoa_r
 .text._free_r  0x0800f42c       0x94 C:/ST/STM32CubeIDE_2.1.1/STM32CubeIDE/plugins/com.st.stm32cube.ide.mcu.externaltools.gnu-tools-for-stm32.14.3.rel1.win32_1.0.100.202602081740/tools/bin/../lib/gcc/arm-none-eabi/14.3.1/../../../../arm-none-eabi/lib/thumb/v7e-m+dp/hard\libc_nano.a(libc_a-freer.o)
                0x0800f42c                _free_r
 .text.malloc   0x0800f4c0       0x10 C:/ST/STM32CubeIDE_2.1.1/STM32CubeIDE/plugins/com.st.stm32cube.ide.mcu.externaltools.gnu-tools-for-stm32.14.3.rel1.win32_1.0.100.202602081740/tools/bin/../lib/gcc/arm-none-eabi/14.3.1/../../../../arm-none-eabi/lib/thumb/v7e-m+dp/hard\libc_nano.a(libc_a-malloc.o)
                0x0800f4c0                malloc
 .text.sbrk_aligned
                0x0800f4d0       0x44 C:/ST/STM32CubeIDE_2.1.1/STM32CubeIDE/plugins/com.st.stm32cube.ide.mcu.externaltools.gnu-tools-for-stm32.14.3.rel1.win32_1.0.100.202602081740/tools/bin/../lib/gcc/arm-none-eabi/14.3.1/../../../../arm-none-eabi/lib/thumb/v7e-m+dp/hard\libc_nano.a(libc_a-mallocr.o)
 .text._malloc_r
                0x0800f514      0x100 C:/ST/STM32CubeIDE_2.1.1/STM32CubeIDE/plugins/com.st.stm32cube.ide.mcu.externaltools.gnu-tools-for-stm32.14.3.rel1.win32_1.0.100.202602081740/tools/bin/../lib/gcc/arm-none-eabi/14.3.1/../../../../arm-none-eabi/lib/thumb/v7e-m+dp/hard\libc_nano.a(libc_a-mallocr.o)
                0x0800f514                _malloc_r
 .text.__ascii_mbtowc
                0x0800f614       0x24 C:/ST/STM32CubeIDE_2.1.1/STM32CubeIDE/plugins/com.st.stm32cube.ide.mcu.externaltools.gnu-tools-for-stm32.14.3.rel1.win32_1.0.100.202602081740/tools/bin/../lib/gcc/arm-none-eabi/14.3.1/../../../../arm-none-eabi/lib/thumb/v7e-m+dp/hard\libc_nano.a(libc_a-mbtowc_r.o)
                0x0800f614                __ascii_mbtowc
 .text.__malloc_lock
                0x0800f638        0xc C:/ST/STM32CubeIDE_2.1.1/STM32CubeIDE/plugins/com.st.stm32cube.ide.mcu.externaltools.gnu-tools-for-stm32.14.3.rel1.win32_1.0.100.202602081740/tools/bin/../lib/gcc/arm-none-eabi/14.3.1/../../../../arm-none-eabi/lib/thumb/v7e-m+dp/hard\libc_nano.a(libc_a-mlock.o)
                0x0800f638                __malloc_lock
 .text.__malloc_unlock
                0x0800f644        0xc C:/ST/STM32CubeIDE_2.1.1/STM32CubeIDE/plugins/com.st.stm32cube.ide.mcu.externaltools.gnu-tools-for-stm32.14.3.rel1.win32_1.0.100.202602081740/tools/bin/../lib/gcc/arm-none-eabi/14.3.1/../../../../arm-none-eabi/lib/thumb/v7e-m+dp/hard\libc_nano.a(libc_a-mlock.o)
                0x0800f644                __malloc_unlock
 .text._Balloc  0x0800f650       0x7c C:/ST/STM32CubeIDE_2.1.1/STM32CubeIDE/plugins/com.st.stm32cube.ide.mcu.externaltools.gnu-tools-for-stm32.14.3.rel1.win32_1.0.100.202602081740/tools/bin/../lib/gcc/arm-none-eabi/14.3.1/../../../../arm-none-eabi/lib/thumb/v7e-m+dp/hard\libc_nano.a(libc_a-mprec.o)
                0x0800f650                _Balloc
 .text._Bfree   0x0800f6cc       0x44 C:/ST/STM32CubeIDE_2.1.1/STM32CubeIDE/plugins/com.st.stm32cube.ide.mcu.externaltools.gnu-tools-for-stm32.14.3.rel1.win32_1.0.100.202602081740/tools/bin/../lib/gcc/arm-none-eabi/14.3.1/../../../../arm-none-eabi/lib/thumb/v7e-m+dp/hard\libc_nano.a(libc_a-mprec.o)
                0x0800f6cc                _Bfree
 .text.__multadd
                0x0800f710       0x8c C:/ST/STM32CubeIDE_2.1.1/STM32CubeIDE/plugins/com.st.stm32cube.ide.mcu.externaltools.gnu-tools-for-stm32.14.3.rel1.win32_1.0.100.202602081740/tools/bin/../lib/gcc/arm-none-eabi/14.3.1/../../../../arm-none-eabi/lib/thumb/v7e-m+dp/hard\libc_nano.a(libc_a-mprec.o)
                0x0800f710                __multadd
 .text.__hi0bits
                0x0800f79c       0x3e C:/ST/STM32CubeIDE_2.1.1/STM32CubeIDE/plugins/com.st.stm32cube.ide.mcu.externaltools.gnu-tools-for-stm32.14.3.rel1.win32_1.0.100.202602081740/tools/bin/../lib/gcc/arm-none-eabi/14.3.1/../../../../arm-none-eabi/lib/thumb/v7e-m+dp/hard\libc_nano.a(libc_a-mprec.o)
                0x0800f79c                __hi0bits
 .text.__lo0bits
                0x0800f7da       0x5a C:/ST/STM32CubeIDE_2.1.1/STM32CubeIDE/plugins/com.st.stm32cube.ide.mcu.externaltools.gnu-tools-for-stm32.14.3.rel1.win32_1.0.100.202602081740/tools/bin/../lib/gcc/arm-none-eabi/14.3.1/../../../../arm-none-eabi/lib/thumb/v7e-m+dp/hard\libc_nano.a(libc_a-mprec.o)
                0x0800f7da                __lo0bits
 .text.__i2b    0x0800f834       0x2c C:/ST/STM32CubeIDE_2.1.1/STM32CubeIDE/plugins/com.st.stm32cube.ide.mcu.externaltools.gnu-tools-for-stm32.14.3.rel1.win32_1.0.100.202602081740/tools/bin/../lib/gcc/arm-none-eabi/14.3.1/../../../../arm-none-eabi/lib/thumb/v7e-m+dp/hard\libc_nano.a(libc_a-mprec.o)
                0x0800f834                __i2b
 .text.__multiply
                0x0800f860      0x154 C:/ST/STM32CubeIDE_2.1.1/STM32CubeIDE/plugins/com.st.stm32cube.ide.mcu.externaltools.gnu-tools-for-stm32.14.3.rel1.win32_1.0.100.202602081740/tools/bin/../lib/gcc/arm-none-eabi/14.3.1/../../../../arm-none-eabi/lib/thumb/v7e-m+dp/hard\libc_nano.a(libc_a-mprec.o)
                0x0800f860                __multiply
 .text.__pow5mult
                0x0800f9b4       0xb8 C:/ST/STM32CubeIDE_2.1.1/STM32CubeIDE/plugins/com.st.stm32cube.ide.mcu.externaltools.gnu-tools-for-stm32.14.3.rel1.win32_1.0.100.202602081740/tools/bin/../lib/gcc/arm-none-eabi/14.3.1/../../../../arm-none-eabi/lib/thumb/v7e-m+dp/hard\libc_nano.a(libc_a-mprec.o)
                0x0800f9b4                __pow5mult
 .text.__lshift
                0x0800fa6c       0xdc C:/ST/STM32CubeIDE_2.1.1/STM32CubeIDE/plugins/com.st.stm32cube.ide.mcu.externaltools.gnu-tools-for-stm32.14.3.rel1.win32_1.0.100.202602081740/tools/bin/../lib/gcc/arm-none-eabi/14.3.1/../../../../arm-none-eabi/lib/thumb/v7e-m+dp/hard\libc_nano.a(libc_a-mprec.o)
                0x0800fa6c                __lshift
 .text.__mcmp   0x0800fb48       0x36 C:/ST/STM32CubeIDE_2.1.1/STM32CubeIDE/plugins/com.st.stm32cube.ide.mcu.externaltools.gnu-tools-for-stm32.14.3.rel1.win32_1.0.100.202602081740/tools/bin/../lib/gcc/arm-none-eabi/14.3.1/../../../../arm-none-eabi/lib/thumb/v7e-m+dp/hard\libc_nano.a(libc_a-mprec.o)
                0x0800fb48                __mcmp
 *fill*         0x0800fb7e        0x2 
 .text.__mdiff  0x0800fb80      0x130 C:/ST/STM32CubeIDE_2.1.1/STM32CubeIDE/plugins/com.st.stm32cube.ide.mcu.externaltools.gnu-tools-for-stm32.14.3.rel1.win32_1.0.100.202602081740/tools/bin/../lib/gcc/arm-none-eabi/14.3.1/../../../../arm-none-eabi/lib/thumb/v7e-m+dp/hard\libc_nano.a(libc_a-mprec.o)
                0x0800fb80                __mdiff
 .text.__d2b    0x0800fcb0       0xb0 C:/ST/STM32CubeIDE_2.1.1/STM32CubeIDE/plugins/com.st.stm32cube.ide.mcu.externaltools.gnu-tools-for-stm32.14.3.rel1.win32_1.0.100.202602081740/tools/bin/../lib/gcc/arm-none-eabi/14.3.1/../../../../arm-none-eabi/lib/thumb/v7e-m+dp/hard\libc_nano.a(libc_a-mprec.o)
                0x0800fcb0                __d2b
 .text.__ascii_wctomb
                0x0800fd60       0x1a C:/ST/STM32CubeIDE_2.1.1/STM32CubeIDE/plugins/com.st.stm32cube.ide.mcu.externaltools.gnu-tools-for-stm32.14.3.rel1.win32_1.0.100.202602081740/tools/bin/../lib/gcc/arm-none-eabi/14.3.1/../../../../arm-none-eabi/lib/thumb/v7e-m+dp/hard\libc_nano.a(libc_a-wctomb_r.o)
                0x0800fd60                __ascii_wctomb
 .text.__ssputs_r
                0x0800fd7a       0xc0 C:/ST/STM32CubeIDE_2.1.1/STM32CubeIDE/plugins/com.st.stm32cube.ide.mcu.externaltools.gnu-tools-for-stm32.14.3.rel1.win32_1.0.100.202602081740/tools/bin/../lib/gcc/arm-none-eabi/14.3.1/../../../../arm-none-eabi/lib/thumb/v7e-m+dp/hard\libc_nano.a(libc_a-nano-svfprintf.o)
                0x0800fd7a                __ssputs_r
 *fill*         0x0800fe3a        0x2 
 .text._svfprintf_r
                0x0800fe3c      0x1f0 C:/ST/STM32CubeIDE_2.1.1/STM32CubeIDE/plugins/com.st.stm32cube.ide.mcu.externaltools.gnu-tools-for-stm32.14.3.rel1.win32_1.0.100.202602081740/tools/bin/../lib/gcc/arm-none-eabi/14.3.1/../../../../arm-none-eabi/lib/thumb/v7e-m+dp/hard\libc_nano.a(libc_a-nano-svfprintf.o)
                0x0800fe3c                _svfiprintf_r
                0x0800fe3c                _svfprintf_r
 .text.__sflush_r
                0x0801002c      0x104 C:/ST/STM32CubeIDE_2.1.1/STM32CubeIDE/plugins/com.st.stm32cube.ide.mcu.externaltools.gnu-tools-for-stm32.14.3.rel1.win32_1.0.100.202602081740/tools/bin/../lib/gcc/arm-none-eabi/14.3.1/../../../../arm-none-eabi/lib/thumb/v7e-m+dp/hard\libc_nano.a(libc_a-fflush.o)
                0x0801002c                __sflush_r
 .text._fflush_r
                0x08010130       0x50 C:/ST/STM32CubeIDE_2.1.1/STM32CubeIDE/plugins/com.st.stm32cube.ide.mcu.externaltools.gnu-tools-for-stm32.14.3.rel1.win32_1.0.100.202602081740/tools/bin/../lib/gcc/arm-none-eabi/14.3.1/../../../../arm-none-eabi/lib/thumb/v7e-m+dp/hard\libc_nano.a(libc_a-fflush.o)
                0x08010130                _fflush_r
 .text.memmove  0x08010180       0x32 C:/ST/STM32CubeIDE_2.1.1/STM32CubeIDE/plugins/com.st.stm32cube.ide.mcu.externaltools.gnu-tools-for-stm32.14.3.rel1.win32_1.0.100.202602081740/tools/bin/../lib/gcc/arm-none-eabi/14.3.1/../../../../arm-none-eabi/lib/thumb/v7e-m+dp/hard\libc_nano.a(libc_a-memmove.o)
                0x08010180                memmove
 *fill*         0x080101b2        0x2 
 .text._sbrk_r  0x080101b4       0x20 C:/ST/STM32CubeIDE_2.1.1/STM32CubeIDE/plugins/com.st.stm32cube.ide.mcu.externaltools.gnu-tools-for-stm32.14.3.rel1.win32_1.0.100.202602081740/tools/bin/../lib/gcc/arm-none-eabi/14.3.1/../../../../arm-none-eabi/lib/thumb/v7e-m+dp/hard\libc_nano.a(libc_a-sbrkr.o)
                0x080101b4                _sbrk_r
 .text.__assert_func
                0x080101d4       0x3c C:/ST/STM32CubeIDE_2.1.1/STM32CubeIDE/plugins/com.st.stm32cube.ide.mcu.externaltools.gnu-tools-for-stm32.14.3.rel1.win32_1.0.100.202602081740/tools/bin/../lib/gcc/arm-none-eabi/14.3.1/../../../../arm-none-eabi/lib/thumb/v7e-m+dp/hard\libc_nano.a(libc_a-assert.o)
                0x080101d4                __assert_func
 .text._calloc_r
                0x08010210       0x28 C:/ST/STM32CubeIDE_2.1.1/STM32CubeIDE/plugins/com.st.stm32cube.ide.mcu.externaltools.gnu-tools-for-stm32.14.3.rel1.win32_1.0.100.202602081740/tools/bin/../lib/gcc/arm-none-eabi/14.3.1/../../../../arm-none-eabi/lib/thumb/v7e-m+dp/hard\libc_nano.a(libc_a-callocr.o)
                0x08010210                _calloc_r
 .text._realloc_r
                0x08010238       0x5c C:/ST/STM32CubeIDE_2.1.1/STM32CubeIDE/plugins/com.st.stm32cube.ide.mcu.externaltools.gnu-tools-for-stm32.14.3.rel1.win32_1.0.100.202602081740/tools/bin/../lib/gcc/arm-none-eabi/14.3.1/../../../../arm-none-eabi/lib/thumb/v7e-m+dp/hard\libc_nano.a(libc_a-reallocr.o)
                0x08010238                _realloc_r
 .text.fprintf  0x08010294       0x24 C:/ST/STM32CubeIDE_2.1.1/STM32CubeIDE/plugins/com.st.stm32cube.ide.mcu.externaltools.gnu-tools-for-stm32.14.3.rel1.win32_1.0.100.202602081740/tools/bin/../lib/gcc/arm-none-eabi/14.3.1/../../../../arm-none-eabi/lib/thumb/v7e-m+dp/hard\libc_nano.a(libc_a-fprintf.o)
                0x08010294                fiprintf
                0x08010294                fprintf
 .text.abort    0x080102b8        0xe C:/ST/STM32CubeIDE_2.1.1/STM32CubeIDE/plugins/com.st.stm32cube.ide.mcu.externaltools.gnu-tools-for-stm32.14.3.rel1.win32_1.0.100.202602081740/tools/bin/../lib/gcc/arm-none-eabi/14.3.1/../../../../arm-none-eabi/lib/thumb/v7e-m+dp/hard\libc_nano.a(libc_a-abort.o)
                0x080102b8                abort
 .text._malloc_usable_size_r
                0x080102c6       0x10 C:/ST/STM32CubeIDE_2.1.1/STM32CubeIDE/plugins/com.st.stm32cube.ide.mcu.externaltools.gnu-tools-for-stm32.14.3.rel1.win32_1.0.100.202602081740/tools/bin/../lib/gcc/arm-none-eabi/14.3.1/../../../../arm-none-eabi/lib/thumb/v7e-m+dp/hard\libc_nano.a(libc_a-msizer.o)
                0x080102c6                _malloc_usable_size_r
 .text.__sfputc_r
                0x080102d6       0x2e C:/ST/STM32CubeIDE_2.1.1/STM32CubeIDE/plugins/com.st.stm32cube.ide.mcu.externaltools.gnu-tools-for-stm32.14.3.rel1.win32_1.0.100.202602081740/tools/bin/../lib/gcc/arm-none-eabi/14.3.1/../../../../arm-none-eabi/lib/thumb/v7e-m+dp/hard\libc_nano.a(libc_a-nano-vfprintf.o)
 .text.__sfputs_r
                0x08010304       0x24 C:/ST/STM32CubeIDE_2.1.1/STM32CubeIDE/plugins/com.st.stm32cube.ide.mcu.externaltools.gnu-tools-for-stm32.14.3.rel1.win32_1.0.100.202602081740/tools/bin/../lib/gcc/arm-none-eabi/14.3.1/../../../../arm-none-eabi/lib/thumb/v7e-m+dp/hard\libc_nano.a(libc_a-nano-vfprintf.o)
                0x08010304                __sfputs_r
 .text._vfprintf_r
                0x08010328      0x228 C:/ST/STM32CubeIDE_2.1.1/STM32CubeIDE/plugins/com.st.stm32cube.ide.mcu.externaltools.gnu-tools-for-stm32.14.3.rel1.win32_1.0.100.202602081740/tools/bin/../lib/gcc/arm-none-eabi/14.3.1/../../../../arm-none-eabi/lib/thumb/v7e-m+dp/hard\libc_nano.a(libc_a-nano-vfprintf.o)
                0x08010328                _vfprintf_r
                0x08010328                _vfiprintf_r
 .text.__swbuf_r
                0x08010550       0x7c C:/ST/STM32CubeIDE_2.1.1/STM32CubeIDE/plugins/com.st.stm32cube.ide.mcu.externaltools.gnu-tools-for-stm32.14.3.rel1.win32_1.0.100.202602081740/tools/bin/../lib/gcc/arm-none-eabi/14.3.1/../../../../arm-none-eabi/lib/thumb/v7e-m+dp/hard\libc_nano.a(libc_a-wbuf.o)
                0x08010550                __swbuf_r
 .text.__swsetup_r
                0x080105cc       0xa8 C:/ST/STM32CubeIDE_2.1.1/STM32CubeIDE/plugins/com.st.stm32cube.ide.mcu.externaltools.gnu-tools-for-stm32.14.3.rel1.win32_1.0.100.202602081740/tools/bin/../lib/gcc/arm-none-eabi/14.3.1/../../../../arm-none-eabi/lib/thumb/v7e-m+dp/hard\libc_nano.a(libc_a-wsetup.o)
                0x080105cc                __swsetup_r
 .text._raise_r
                0x08010674       0x50 C:/ST/STM32CubeIDE_2.1.1/STM32CubeIDE/plugins/com.st.stm32cube.ide.mcu.externaltools.gnu-tools-for-stm32.14.3.rel1.win32_1.0.100.202602081740/tools/bin/../lib/gcc/arm-none-eabi/14.3.1/../../../../arm-none-eabi/lib/thumb/v7e-m+dp/hard\libc_nano.a(libc_a-signal.o)
                0x08010674                _raise_r
 .text.raise    0x080106c4       0x10 C:/ST/STM32CubeIDE_2.1.1/STM32CubeIDE/plugins/com.st.stm32cube.ide.mcu.externaltools.gnu-tools-for-stm32.14.3.rel1.win32_1.0.100.202602081740/tools/bin/../lib/gcc/arm-none-eabi/14.3.1/../../../../arm-none-eabi/lib/thumb/v7e-m+dp/hard\libc_nano.a(libc_a-signal.o)
                0x080106c4                raise
 .text._kill_r  0x080106d4       0x24 C:/ST/STM32CubeIDE_2.1.1/STM32CubeIDE/plugins/com.st.stm32cube.ide.mcu.externaltools.gnu-tools-for-stm32.14.3.rel1.win32_1.0.100.202602081740/tools/bin/../lib/gcc/arm-none-eabi/14.3.1/../../../../arm-none-eabi/lib/thumb/v7e-m+dp/hard\libc_nano.a(libc_a-signalr.o)
                0x080106d4                _kill_r
 .text._getpid_r
                0x080106f8        0x4 C:/ST/STM32CubeIDE_2.1.1/STM32CubeIDE/plugins/com.st.stm32cube.ide.mcu.externaltools.gnu-tools-for-stm32.14.3.rel1.win32_1.0.100.202602081740/tools/bin/../lib/gcc/arm-none-eabi/14.3.1/../../../../arm-none-eabi/lib/thumb/v7e-m+dp/hard\libc_nano.a(libc_a-signalr.o)
                0x080106f8                _getpid_r
 .text.__swhatbuf_r
                0x080106fc       0x48 C:/ST/STM32CubeIDE_2.1.1/STM32CubeIDE/plugins/com.st.stm32cube.ide.mcu.externaltools.gnu-tools-for-stm32.14.3.rel1.win32_1.0.100.202602081740/tools/bin/../lib/gcc/arm-none-eabi/14.3.1/../../../../arm-none-eabi/lib/thumb/v7e-m+dp/hard\libc_nano.a(libc_a-makebuf.o)
                0x080106fc                __swhatbuf_r
 .text.__smakebuf_r
                0x08010744       0x72 C:/ST/STM32CubeIDE_2.1.1/STM32CubeIDE/plugins/com.st.stm32cube.ide.mcu.externaltools.gnu-tools-for-stm32.14.3.rel1.win32_1.0.100.202602081740/tools/bin/../lib/gcc/arm-none-eabi/14.3.1/../../../../arm-none-eabi/lib/thumb/v7e-m+dp/hard\libc_nano.a(libc_a-makebuf.o)
                0x08010744                __smakebuf_r
 *fill*         0x080107b6        0x2 
 .text._fstat_r
                0x080107b8       0x24 C:/ST/STM32CubeIDE_2.1.1/STM32CubeIDE/plugins/com.st.stm32cube.ide.mcu.externaltools.gnu-tools-for-stm32.14.3.rel1.win32_1.0.100.202602081740/tools/bin/../lib/gcc/arm-none-eabi/14.3.1/../../../../arm-none-eabi/lib/thumb/v7e-m+dp/hard\libc_nano.a(libc_a-fstatr.o)
                0x080107b8                _fstat_r
 .text._isatty_r
                0x080107dc       0x20 C:/ST/STM32CubeIDE_2.1.1/STM32CubeIDE/plugins/com.st.stm32cube.ide.mcu.externaltools.gnu-tools-for-stm32.14.3.rel1.win32_1.0.100.202602081740/tools/bin/../lib/gcc/arm-none-eabi/14.3.1/../../../../arm-none-eabi/lib/thumb/v7e-m+dp/hard\libc_nano.a(libc_a-isattyr.o)
                0x080107dc                _isatty_r
 *(.glue_7)
 .glue_7        0x080107fc        0x0 linker stubs
 *(.glue_7t)
 .glue_7t       0x080107fc        0x0 linker stubs
 *(.eh_frame)
 .eh_frame      0x080107fc        0x0 C:/ST/STM32CubeIDE_2.1.1/STM32CubeIDE/plugins/com.st.stm32cube.ide.mcu.externaltools.gnu-tools-for-stm32.14.3.rel1.win32_1.0.100.202602081740/tools/bin/../lib/gcc/arm-none-eabi/14.3.1/thumb/v7e-m+dp/hard/crtbegin.o
 *(.init)
 .init          0x080107fc        0x4 C:/ST/STM32CubeIDE_2.1.1/STM32CubeIDE/plugins/com.st.stm32cube.ide.mcu.externaltools.gnu-tools-for-stm32.14.3.rel1.win32_1.0.100.202602081740/tools/bin/../lib/gcc/arm-none-eabi/14.3.1/thumb/v7e-m+dp/hard/crti.o
                0x080107fc                _init
 .init          0x08010800        0x8 C:/ST/STM32CubeIDE_2.1.1/STM32CubeIDE/plugins/com.st.stm32cube.ide.mcu.externaltools.gnu-tools-for-stm32.14.3.rel1.win32_1.0.100.202602081740/tools/bin/../lib/gcc/arm-none-eabi/14.3.1/thumb/v7e-m+dp/hard/crtn.o
 *(.fini)
 .fini          0x08010808        0x4 C:/ST/STM32CubeIDE_2.1.1/STM32CubeIDE/plugins/com.st.stm32cube.ide.mcu.externaltools.gnu-tools-for-stm32.14.3.rel1.win32_1.0.100.202602081740/tools/bin/../lib/gcc/arm-none-eabi/14.3.1/thumb/v7e-m+dp/hard/crti.o
                0x08010808                _fini
 .fini          0x0801080c        0x8 C:/ST/STM32CubeIDE_2.1.1/STM32CubeIDE/plugins/com.st.stm32cube.ide.mcu.externaltools.gnu-tools-for-stm32.14.3.rel1.win32_1.0.100.202602081740/tools/bin/../lib/gcc/arm-none-eabi/14.3.1/thumb/v7e-m+dp/hard/crtn.o
                0x08010814                        . = ALIGN (0x4)
                0x08010814                        _etext = .

.vfp11_veneer   0x08010814        0x0
 .vfp11_veneer  0x08010814        0x0 linker stubs

.v4_bx          0x08010814        0x0
 .v4_bx         0x08010814        0x0 linker stubs

.iplt           0x08010814        0x0
 .iplt          0x08010814        0x0 C:/ST/STM32CubeIDE_2.1.1/STM32CubeIDE/plugins/com.st.stm32cube.ide.mcu.externaltools.gnu-tools-for-stm32.14.3.rel1.win32_1.0.100.202602081740/tools/bin/../lib/gcc/arm-none-eabi/14.3.1/thumb/v7e-m+dp/hard/crtbegin.o

.rodata         0x08010818      0x544
                0x08010818                        . = ALIGN (0x4)
 *(.rodata)
 *(.rodata*)
 .rodata.NX_TERM
                0x08010818        0x3 ./Core/Src/main.o
 *fill*         0x0801081b        0x1 
 .rodata.main.str1.4
                0x0801081c      0x18e ./Core/Src/main.o
                                  0x7 (size before relaxing)
 .rodata.nextion_set_text.str1.4
                0x080109aa        0xc ./Core/Src/nextion_uart.o
 .rodata.nextion_goto_page.str1.4
                0x080109aa        0x8 ./Core/Src/nextion_uart.o
 *fill*         0x080109aa        0x2 
 .rodata.term.0
                0x080109ac        0x3 ./Core/Src/nextion_uart.o
 .rodata.log_line.str1.4
                0x080109af        0x6 ./Core/Src/scara_app.o
 .rodata.set_status_text.str1.4
                0x080109af        0x9 ./Core/Src/scara_app.o
 .rodata.refresh_status_screen.str1.4
                0x080109af       0xa2 ./Core/Src/scara_app.o
 .rodata.scara_app_init.str1.4
                0x080109af       0x6f ./Core/Src/scara_app.o
 *fill*         0x080109af        0x1 
 .rodata.D1CorePrescTable
                0x080109b0       0x10 ./Core/Src/system_stm32h7xx.o
                0x080109b0                D1CorePrescTable
 .rodata.UARTPrescTable
                0x080109c0       0x18 ./Drivers/STM32H7xx_HAL_Driver/Src/stm32h7xx_hal_uart.o
                0x080109c0                UARTPrescTable
 .rodata.numerator.1
                0x080109d8        0x8 ./Drivers/STM32H7xx_HAL_Driver/Src/stm32h7xx_hal_uart_ex.o
 .rodata.denominator.0
                0x080109e0        0x8 ./Drivers/STM32H7xx_HAL_Driver/Src/stm32h7xx_hal_uart_ex.o
 .rodata.USBD_FS_ProductStrDescriptor.str1.4
                0x080109e8       0x16 ./USB_DEVICE/App/usbd_desc.o
 .rodata.USBD_FS_ManufacturerStrDescriptor.str1.4
                0x080109e8       0x13 ./USB_DEVICE/App/usbd_desc.o
 .rodata.USBD_FS_ConfigStrDescriptor.str1.4
                0x080109e8        0xb ./USB_DEVICE/App/usbd_desc.o
 .rodata.USBD_FS_InterfaceStrDescriptor.str1.4
                0x080109e8        0xe ./USB_DEVICE/App/usbd_desc.o
 .rodata._printf_float.str1.1
                0x080109e8      0x171 C:/ST/STM32CubeIDE_2.1.1/STM32CubeIDE/plugins/com.st.stm32cube.ide.mcu.externaltools.gnu-tools-for-stm32.14.3.rel1.win32_1.0.100.202602081740/tools/bin/../lib/gcc/arm-none-eabi/14.3.1/../../../../arm-none-eabi/lib/thumb/v7e-m+dp/hard\libc_nano.a(libc_a-nano-vfprintf_float.o)
                                 0x12 (size before relaxing)
 .rodata._printf_i.str1.1
                0x08010b59       0x22 C:/ST/STM32CubeIDE_2.1.1/STM32CubeIDE/plugins/com.st.stm32cube.ide.mcu.externaltools.gnu-tools-for-stm32.14.3.rel1.win32_1.0.100.202602081740/tools/bin/../lib/gcc/arm-none-eabi/14.3.1/../../../../arm-none-eabi/lib/thumb/v7e-m+dp/hard\libc_nano.a(libc_a-nano-vfprintf_i.o)